<!doctype html public "-//w3c//dtd html 4.0 transitional//en">
<html><head>
<title>Static Call Graph - [.\Objects\ACFly EDU.axf]</title></head>
<body><HR>
<H1>Static Call Graph for image .\Objects\ACFly EDU.axf</H1><HR>
<BR><P>#&#060CALLGRAPH&#062# ARM Linker, 6100100: Last Updated: Wed Aug  7 18:58:10 2019
<BR><P>
<H3>Maximum Stack Usage =       1968 bytes + Unknown(Functions without stacksize, Cycles, Untraceable Function Pointers)</H3><H3>
Call chain for Maximum Stack Depth:</H3>
_printf_f &rArr; _printf_fp_dec &rArr; _printf_fp_dec_real &rArr; _fp_digits &rArr; _btod_main &rArr; _btod_common &rArr; _btod_pow &rArr; _btod_mul
<P>
<H3>
Functions with no stack information
</H3><UL>
 <LI><a href="#[188]">__user_initial_stackheap</a>
</UL>
</UL>
<P>
<H3>
Mutually Recursive functions
</H3> <LI><a href="#[10]">NMI_Handler</a>&nbsp;&nbsp;&nbsp;&rArr;&nbsp;&nbsp;&nbsp;<a href="#[10]">NMI_Handler</a><BR>
 <LI><a href="#[12]">MemManage_Handler</a>&nbsp;&nbsp;&nbsp;&rArr;&nbsp;&nbsp;&nbsp;<a href="#[12]">MemManage_Handler</a><BR>
 <LI><a href="#[13]">BusFault_Handler</a>&nbsp;&nbsp;&nbsp;&rArr;&nbsp;&nbsp;&nbsp;<a href="#[13]">BusFault_Handler</a><BR>
 <LI><a href="#[14]">UsageFault_Handler</a>&nbsp;&nbsp;&nbsp;&rArr;&nbsp;&nbsp;&nbsp;<a href="#[14]">UsageFault_Handler</a><BR>
 <LI><a href="#[15]">SVC_Handler</a>&nbsp;&nbsp;&nbsp;&rArr;&nbsp;&nbsp;&nbsp;<a href="#[15]">SVC_Handler</a><BR>
 <LI><a href="#[16]">DebugMon_Handler</a>&nbsp;&nbsp;&nbsp;&rArr;&nbsp;&nbsp;&nbsp;<a href="#[16]">DebugMon_Handler</a><BR>
 <LI><a href="#[17]">PendSV_Handler</a>&nbsp;&nbsp;&nbsp;&rArr;&nbsp;&nbsp;&nbsp;<a href="#[17]">PendSV_Handler</a><BR>
 <LI><a href="#[18]">SysTick_Handler</a>&nbsp;&nbsp;&nbsp;&rArr;&nbsp;&nbsp;&nbsp;<a href="#[18]">SysTick_Handler</a><BR>
 <LI><a href="#[19]">GPIOA_Handler</a>&nbsp;&nbsp;&nbsp;&rArr;&nbsp;&nbsp;&nbsp;<a href="#[19]">GPIOA_Handler</a><BR>
 <LI><a href="#[1a]">GPIOB_Handler</a>&nbsp;&nbsp;&nbsp;&rArr;&nbsp;&nbsp;&nbsp;<a href="#[1a]">GPIOB_Handler</a><BR>
 <LI><a href="#[1b]">GPIOC_Handler</a>&nbsp;&nbsp;&nbsp;&rArr;&nbsp;&nbsp;&nbsp;<a href="#[1b]">GPIOC_Handler</a><BR>
 <LI><a href="#[1c]">GPIOD_Handler</a>&nbsp;&nbsp;&nbsp;&rArr;&nbsp;&nbsp;&nbsp;<a href="#[1c]">GPIOD_Handler</a><BR>
 <LI><a href="#[1d]">GPIOE_Handler</a>&nbsp;&nbsp;&nbsp;&rArr;&nbsp;&nbsp;&nbsp;<a href="#[1d]">GPIOE_Handler</a><BR>
 <LI><a href="#[1e]">UART0_Handler</a>&nbsp;&nbsp;&nbsp;&rArr;&nbsp;&nbsp;&nbsp;<a href="#[1e]">UART0_Handler</a><BR>
 <LI><a href="#[1f]">UART1_Handler</a>&nbsp;&nbsp;&nbsp;&rArr;&nbsp;&nbsp;&nbsp;<a href="#[1f]">UART1_Handler</a><BR>
 <LI><a href="#[20]">SSI0_Handler</a>&nbsp;&nbsp;&nbsp;&rArr;&nbsp;&nbsp;&nbsp;<a href="#[20]">SSI0_Handler</a><BR>
 <LI><a href="#[21]">I2C0_Handler</a>&nbsp;&nbsp;&nbsp;&rArr;&nbsp;&nbsp;&nbsp;<a href="#[21]">I2C0_Handler</a><BR>
 <LI><a href="#[22]">PMW0_FAULT_Handler</a>&nbsp;&nbsp;&nbsp;&rArr;&nbsp;&nbsp;&nbsp;<a href="#[22]">PMW0_FAULT_Handler</a><BR>
 <LI><a href="#[23]">PWM0_0_Handler</a>&nbsp;&nbsp;&nbsp;&rArr;&nbsp;&nbsp;&nbsp;<a href="#[23]">PWM0_0_Handler</a><BR>
 <LI><a href="#[24]">PWM0_1_Handler</a>&nbsp;&nbsp;&nbsp;&rArr;&nbsp;&nbsp;&nbsp;<a href="#[24]">PWM0_1_Handler</a><BR>
 <LI><a href="#[25]">PWM0_2_Handler</a>&nbsp;&nbsp;&nbsp;&rArr;&nbsp;&nbsp;&nbsp;<a href="#[25]">PWM0_2_Handler</a><BR>
 <LI><a href="#[26]">QEI0_Handler</a>&nbsp;&nbsp;&nbsp;&rArr;&nbsp;&nbsp;&nbsp;<a href="#[26]">QEI0_Handler</a><BR>
 <LI><a href="#[27]">ADC0SS0_Handler</a>&nbsp;&nbsp;&nbsp;&rArr;&nbsp;&nbsp;&nbsp;<a href="#[27]">ADC0SS0_Handler</a><BR>
 <LI><a href="#[28]">ADC0SS1_Handler</a>&nbsp;&nbsp;&nbsp;&rArr;&nbsp;&nbsp;&nbsp;<a href="#[28]">ADC0SS1_Handler</a><BR>
 <LI><a href="#[29]">ADC0SS2_Handler</a>&nbsp;&nbsp;&nbsp;&rArr;&nbsp;&nbsp;&nbsp;<a href="#[29]">ADC0SS2_Handler</a><BR>
 <LI><a href="#[2a]">ADC0SS3_Handler</a>&nbsp;&nbsp;&nbsp;&rArr;&nbsp;&nbsp;&nbsp;<a href="#[2a]">ADC0SS3_Handler</a><BR>
 <LI><a href="#[2b]">WDT0_Handler</a>&nbsp;&nbsp;&nbsp;&rArr;&nbsp;&nbsp;&nbsp;<a href="#[2b]">WDT0_Handler</a><BR>
 <LI><a href="#[2c]">TIMER0A_Handler</a>&nbsp;&nbsp;&nbsp;&rArr;&nbsp;&nbsp;&nbsp;<a href="#[2c]">TIMER0A_Handler</a><BR>
 <LI><a href="#[2d]">TIMER0B_Handler</a>&nbsp;&nbsp;&nbsp;&rArr;&nbsp;&nbsp;&nbsp;<a href="#[2d]">TIMER0B_Handler</a><BR>
 <LI><a href="#[2e]">TIMER1A_Handler</a>&nbsp;&nbsp;&nbsp;&rArr;&nbsp;&nbsp;&nbsp;<a href="#[2e]">TIMER1A_Handler</a><BR>
 <LI><a href="#[2f]">TIMER1B_Handler</a>&nbsp;&nbsp;&nbsp;&rArr;&nbsp;&nbsp;&nbsp;<a href="#[2f]">TIMER1B_Handler</a><BR>
 <LI><a href="#[30]">TIMER2A_Handler</a>&nbsp;&nbsp;&nbsp;&rArr;&nbsp;&nbsp;&nbsp;<a href="#[30]">TIMER2A_Handler</a><BR>
 <LI><a href="#[31]">TIMER2B_Handler</a>&nbsp;&nbsp;&nbsp;&rArr;&nbsp;&nbsp;&nbsp;<a href="#[31]">TIMER2B_Handler</a><BR>
 <LI><a href="#[32]">COMP0_Handler</a>&nbsp;&nbsp;&nbsp;&rArr;&nbsp;&nbsp;&nbsp;<a href="#[32]">COMP0_Handler</a><BR>
 <LI><a href="#[33]">COMP1_Handler</a>&nbsp;&nbsp;&nbsp;&rArr;&nbsp;&nbsp;&nbsp;<a href="#[33]">COMP1_Handler</a><BR>
 <LI><a href="#[34]">COMP2_Handler</a>&nbsp;&nbsp;&nbsp;&rArr;&nbsp;&nbsp;&nbsp;<a href="#[34]">COMP2_Handler</a><BR>
 <LI><a href="#[35]">SYSCTL_Handler</a>&nbsp;&nbsp;&nbsp;&rArr;&nbsp;&nbsp;&nbsp;<a href="#[35]">SYSCTL_Handler</a><BR>
 <LI><a href="#[36]">FLASH_Handler</a>&nbsp;&nbsp;&nbsp;&rArr;&nbsp;&nbsp;&nbsp;<a href="#[36]">FLASH_Handler</a><BR>
 <LI><a href="#[37]">GPIOF_Handler</a>&nbsp;&nbsp;&nbsp;&rArr;&nbsp;&nbsp;&nbsp;<a href="#[37]">GPIOF_Handler</a><BR>
 <LI><a href="#[38]">GPIOG_Handler</a>&nbsp;&nbsp;&nbsp;&rArr;&nbsp;&nbsp;&nbsp;<a href="#[38]">GPIOG_Handler</a><BR>
 <LI><a href="#[39]">GPIOH_Handler</a>&nbsp;&nbsp;&nbsp;&rArr;&nbsp;&nbsp;&nbsp;<a href="#[39]">GPIOH_Handler</a><BR>
 <LI><a href="#[3a]">UART2_Handler</a>&nbsp;&nbsp;&nbsp;&rArr;&nbsp;&nbsp;&nbsp;<a href="#[3a]">UART2_Handler</a><BR>
 <LI><a href="#[3b]">SSI1_Handler</a>&nbsp;&nbsp;&nbsp;&rArr;&nbsp;&nbsp;&nbsp;<a href="#[3b]">SSI1_Handler</a><BR>
 <LI><a href="#[3c]">TIMER3A_Handler</a>&nbsp;&nbsp;&nbsp;&rArr;&nbsp;&nbsp;&nbsp;<a href="#[3c]">TIMER3A_Handler</a><BR>
 <LI><a href="#[3d]">TIMER3B_Handler</a>&nbsp;&nbsp;&nbsp;&rArr;&nbsp;&nbsp;&nbsp;<a href="#[3d]">TIMER3B_Handler</a><BR>
 <LI><a href="#[3e]">I2C1_Handler</a>&nbsp;&nbsp;&nbsp;&rArr;&nbsp;&nbsp;&nbsp;<a href="#[3e]">I2C1_Handler</a><BR>
 <LI><a href="#[3f]">QEI1_Handler</a>&nbsp;&nbsp;&nbsp;&rArr;&nbsp;&nbsp;&nbsp;<a href="#[3f]">QEI1_Handler</a><BR>
 <LI><a href="#[40]">CAN0_Handler</a>&nbsp;&nbsp;&nbsp;&rArr;&nbsp;&nbsp;&nbsp;<a href="#[40]">CAN0_Handler</a><BR>
 <LI><a href="#[41]">CAN1_Handler</a>&nbsp;&nbsp;&nbsp;&rArr;&nbsp;&nbsp;&nbsp;<a href="#[41]">CAN1_Handler</a><BR>
 <LI><a href="#[42]">CAN2_Handler</a>&nbsp;&nbsp;&nbsp;&rArr;&nbsp;&nbsp;&nbsp;<a href="#[42]">CAN2_Handler</a><BR>
 <LI><a href="#[43]">HIB_Handler</a>&nbsp;&nbsp;&nbsp;&rArr;&nbsp;&nbsp;&nbsp;<a href="#[43]">HIB_Handler</a><BR>
 <LI><a href="#[44]">USB0_Handler</a>&nbsp;&nbsp;&nbsp;&rArr;&nbsp;&nbsp;&nbsp;<a href="#[44]">USB0_Handler</a><BR>
 <LI><a href="#[45]">PWM0_3_Handler</a>&nbsp;&nbsp;&nbsp;&rArr;&nbsp;&nbsp;&nbsp;<a href="#[45]">PWM0_3_Handler</a><BR>
 <LI><a href="#[46]">UDMA_Handler</a>&nbsp;&nbsp;&nbsp;&rArr;&nbsp;&nbsp;&nbsp;<a href="#[46]">UDMA_Handler</a><BR>
 <LI><a href="#[47]">UDMAERR_Handler</a>&nbsp;&nbsp;&nbsp;&rArr;&nbsp;&nbsp;&nbsp;<a href="#[47]">UDMAERR_Handler</a><BR>
 <LI><a href="#[48]">ADC1SS0_Handler</a>&nbsp;&nbsp;&nbsp;&rArr;&nbsp;&nbsp;&nbsp;<a href="#[48]">ADC1SS0_Handler</a><BR>
 <LI><a href="#[49]">ADC1SS1_Handler</a>&nbsp;&nbsp;&nbsp;&rArr;&nbsp;&nbsp;&nbsp;<a href="#[49]">ADC1SS1_Handler</a><BR>
 <LI><a href="#[4a]">ADC1SS2_Handler</a>&nbsp;&nbsp;&nbsp;&rArr;&nbsp;&nbsp;&nbsp;<a href="#[4a]">ADC1SS2_Handler</a><BR>
 <LI><a href="#[4b]">ADC1SS3_Handler</a>&nbsp;&nbsp;&nbsp;&rArr;&nbsp;&nbsp;&nbsp;<a href="#[4b]">ADC1SS3_Handler</a><BR>
 <LI><a href="#[4c]">GPIOJ_Handler</a>&nbsp;&nbsp;&nbsp;&rArr;&nbsp;&nbsp;&nbsp;<a href="#[4c]">GPIOJ_Handler</a><BR>
 <LI><a href="#[4d]">GPIOK_Handler</a>&nbsp;&nbsp;&nbsp;&rArr;&nbsp;&nbsp;&nbsp;<a href="#[4d]">GPIOK_Handler</a><BR>
 <LI><a href="#[4e]">GPIOL_Handler</a>&nbsp;&nbsp;&nbsp;&rArr;&nbsp;&nbsp;&nbsp;<a href="#[4e]">GPIOL_Handler</a><BR>
 <LI><a href="#[4f]">SSI2_Handler</a>&nbsp;&nbsp;&nbsp;&rArr;&nbsp;&nbsp;&nbsp;<a href="#[4f]">SSI2_Handler</a><BR>
 <LI><a href="#[50]">SSI3_Handler</a>&nbsp;&nbsp;&nbsp;&rArr;&nbsp;&nbsp;&nbsp;<a href="#[50]">SSI3_Handler</a><BR>
 <LI><a href="#[51]">UART3_Handler</a>&nbsp;&nbsp;&nbsp;&rArr;&nbsp;&nbsp;&nbsp;<a href="#[51]">UART3_Handler</a><BR>
 <LI><a href="#[52]">UART4_Handler</a>&nbsp;&nbsp;&nbsp;&rArr;&nbsp;&nbsp;&nbsp;<a href="#[52]">UART4_Handler</a><BR>
 <LI><a href="#[53]">UART5_Handler</a>&nbsp;&nbsp;&nbsp;&rArr;&nbsp;&nbsp;&nbsp;<a href="#[53]">UART5_Handler</a><BR>
 <LI><a href="#[54]">UART6_Handler</a>&nbsp;&nbsp;&nbsp;&rArr;&nbsp;&nbsp;&nbsp;<a href="#[54]">UART6_Handler</a><BR>
 <LI><a href="#[55]">UART7_Handler</a>&nbsp;&nbsp;&nbsp;&rArr;&nbsp;&nbsp;&nbsp;<a href="#[55]">UART7_Handler</a><BR>
 <LI><a href="#[56]">I2C2_Handler</a>&nbsp;&nbsp;&nbsp;&rArr;&nbsp;&nbsp;&nbsp;<a href="#[56]">I2C2_Handler</a><BR>
 <LI><a href="#[57]">I2C3_Handler</a>&nbsp;&nbsp;&nbsp;&rArr;&nbsp;&nbsp;&nbsp;<a href="#[57]">I2C3_Handler</a><BR>
 <LI><a href="#[58]">TIMER4A_Handler</a>&nbsp;&nbsp;&nbsp;&rArr;&nbsp;&nbsp;&nbsp;<a href="#[58]">TIMER4A_Handler</a><BR>
 <LI><a href="#[59]">TIMER4B_Handler</a>&nbsp;&nbsp;&nbsp;&rArr;&nbsp;&nbsp;&nbsp;<a href="#[59]">TIMER4B_Handler</a><BR>
 <LI><a href="#[5a]">TIMER5A_Handler</a>&nbsp;&nbsp;&nbsp;&rArr;&nbsp;&nbsp;&nbsp;<a href="#[5a]">TIMER5A_Handler</a><BR>
 <LI><a href="#[5b]">TIMER5B_Handler</a>&nbsp;&nbsp;&nbsp;&rArr;&nbsp;&nbsp;&nbsp;<a href="#[5b]">TIMER5B_Handler</a><BR>
 <LI><a href="#[5c]">WTIMER0A_Handler</a>&nbsp;&nbsp;&nbsp;&rArr;&nbsp;&nbsp;&nbsp;<a href="#[5c]">WTIMER0A_Handler</a><BR>
 <LI><a href="#[5d]">WTIMER0B_Handler</a>&nbsp;&nbsp;&nbsp;&rArr;&nbsp;&nbsp;&nbsp;<a href="#[5d]">WTIMER0B_Handler</a><BR>
 <LI><a href="#[5e]">WTIMER1A_Handler</a>&nbsp;&nbsp;&nbsp;&rArr;&nbsp;&nbsp;&nbsp;<a href="#[5e]">WTIMER1A_Handler</a><BR>
 <LI><a href="#[5f]">WTIMER1B_Handler</a>&nbsp;&nbsp;&nbsp;&rArr;&nbsp;&nbsp;&nbsp;<a href="#[5f]">WTIMER1B_Handler</a><BR>
 <LI><a href="#[60]">WTIMER2A_Handler</a>&nbsp;&nbsp;&nbsp;&rArr;&nbsp;&nbsp;&nbsp;<a href="#[60]">WTIMER2A_Handler</a><BR>
 <LI><a href="#[61]">WTIMER2B_Handler</a>&nbsp;&nbsp;&nbsp;&rArr;&nbsp;&nbsp;&nbsp;<a href="#[61]">WTIMER2B_Handler</a><BR>
 <LI><a href="#[62]">WTIMER3A_Handler</a>&nbsp;&nbsp;&nbsp;&rArr;&nbsp;&nbsp;&nbsp;<a href="#[62]">WTIMER3A_Handler</a><BR>
 <LI><a href="#[63]">WTIMER3B_Handler</a>&nbsp;&nbsp;&nbsp;&rArr;&nbsp;&nbsp;&nbsp;<a href="#[63]">WTIMER3B_Handler</a><BR>
 <LI><a href="#[64]">WTIMER4A_Handler</a>&nbsp;&nbsp;&nbsp;&rArr;&nbsp;&nbsp;&nbsp;<a href="#[64]">WTIMER4A_Handler</a><BR>
 <LI><a href="#[65]">WTIMER4B_Handler</a>&nbsp;&nbsp;&nbsp;&rArr;&nbsp;&nbsp;&nbsp;<a href="#[65]">WTIMER4B_Handler</a><BR>
 <LI><a href="#[66]">WTIMER5A_Handler</a>&nbsp;&nbsp;&nbsp;&rArr;&nbsp;&nbsp;&nbsp;<a href="#[66]">WTIMER5A_Handler</a><BR>
 <LI><a href="#[67]">WTIMER5B_Handler</a>&nbsp;&nbsp;&nbsp;&rArr;&nbsp;&nbsp;&nbsp;<a href="#[67]">WTIMER5B_Handler</a><BR>
 <LI><a href="#[68]">FPU_Handler</a>&nbsp;&nbsp;&nbsp;&rArr;&nbsp;&nbsp;&nbsp;<a href="#[68]">FPU_Handler</a><BR>
 <LI><a href="#[69]">I2C4_Handler</a>&nbsp;&nbsp;&nbsp;&rArr;&nbsp;&nbsp;&nbsp;<a href="#[69]">I2C4_Handler</a><BR>
 <LI><a href="#[6a]">I2C5_Handler</a>&nbsp;&nbsp;&nbsp;&rArr;&nbsp;&nbsp;&nbsp;<a href="#[6a]">I2C5_Handler</a><BR>
 <LI><a href="#[6b]">GPIOM_Handler</a>&nbsp;&nbsp;&nbsp;&rArr;&nbsp;&nbsp;&nbsp;<a href="#[6b]">GPIOM_Handler</a><BR>
 <LI><a href="#[6c]">GPION_Handler</a>&nbsp;&nbsp;&nbsp;&rArr;&nbsp;&nbsp;&nbsp;<a href="#[6c]">GPION_Handler</a><BR>
 <LI><a href="#[6d]">QEI2_Handler</a>&nbsp;&nbsp;&nbsp;&rArr;&nbsp;&nbsp;&nbsp;<a href="#[6d]">QEI2_Handler</a><BR>
 <LI><a href="#[6e]">GPIOP0_Handler</a>&nbsp;&nbsp;&nbsp;&rArr;&nbsp;&nbsp;&nbsp;<a href="#[6e]">GPIOP0_Handler</a><BR>
 <LI><a href="#[6f]">GPIOP1_Handler</a>&nbsp;&nbsp;&nbsp;&rArr;&nbsp;&nbsp;&nbsp;<a href="#[6f]">GPIOP1_Handler</a><BR>
 <LI><a href="#[70]">GPIOP2_Handler</a>&nbsp;&nbsp;&nbsp;&rArr;&nbsp;&nbsp;&nbsp;<a href="#[70]">GPIOP2_Handler</a><BR>
 <LI><a href="#[71]">GPIOP3_Handler</a>&nbsp;&nbsp;&nbsp;&rArr;&nbsp;&nbsp;&nbsp;<a href="#[71]">GPIOP3_Handler</a><BR>
 <LI><a href="#[72]">GPIOP4_Handler</a>&nbsp;&nbsp;&nbsp;&rArr;&nbsp;&nbsp;&nbsp;<a href="#[72]">GPIOP4_Handler</a><BR>
 <LI><a href="#[73]">GPIOP5_Handler</a>&nbsp;&nbsp;&nbsp;&rArr;&nbsp;&nbsp;&nbsp;<a href="#[73]">GPIOP5_Handler</a><BR>
 <LI><a href="#[74]">GPIOP6_Handler</a>&nbsp;&nbsp;&nbsp;&rArr;&nbsp;&nbsp;&nbsp;<a href="#[74]">GPIOP6_Handler</a><BR>
 <LI><a href="#[75]">GPIOP7_Handler</a>&nbsp;&nbsp;&nbsp;&rArr;&nbsp;&nbsp;&nbsp;<a href="#[75]">GPIOP7_Handler</a><BR>
 <LI><a href="#[76]">GPIOQ0_Handler</a>&nbsp;&nbsp;&nbsp;&rArr;&nbsp;&nbsp;&nbsp;<a href="#[76]">GPIOQ0_Handler</a><BR>
 <LI><a href="#[77]">GPIOQ1_Handler</a>&nbsp;&nbsp;&nbsp;&rArr;&nbsp;&nbsp;&nbsp;<a href="#[77]">GPIOQ1_Handler</a><BR>
 <LI><a href="#[78]">GPIOQ2_Handler</a>&nbsp;&nbsp;&nbsp;&rArr;&nbsp;&nbsp;&nbsp;<a href="#[78]">GPIOQ2_Handler</a><BR>
 <LI><a href="#[79]">GPIOQ3_Handler</a>&nbsp;&nbsp;&nbsp;&rArr;&nbsp;&nbsp;&nbsp;<a href="#[79]">GPIOQ3_Handler</a><BR>
 <LI><a href="#[7a]">GPIOQ4_Handler</a>&nbsp;&nbsp;&nbsp;&rArr;&nbsp;&nbsp;&nbsp;<a href="#[7a]">GPIOQ4_Handler</a><BR>
 <LI><a href="#[7b]">GPIOQ5_Handler</a>&nbsp;&nbsp;&nbsp;&rArr;&nbsp;&nbsp;&nbsp;<a href="#[7b]">GPIOQ5_Handler</a><BR>
 <LI><a href="#[7c]">GPIOQ6_Handler</a>&nbsp;&nbsp;&nbsp;&rArr;&nbsp;&nbsp;&nbsp;<a href="#[7c]">GPIOQ6_Handler</a><BR>
 <LI><a href="#[7d]">GPIOQ7_Handler</a>&nbsp;&nbsp;&nbsp;&rArr;&nbsp;&nbsp;&nbsp;<a href="#[7d]">GPIOQ7_Handler</a><BR>
 <LI><a href="#[7e]">GPIOR_Handler</a>&nbsp;&nbsp;&nbsp;&rArr;&nbsp;&nbsp;&nbsp;<a href="#[7e]">GPIOR_Handler</a><BR>
 <LI><a href="#[7f]">GPIOS_Handler</a>&nbsp;&nbsp;&nbsp;&rArr;&nbsp;&nbsp;&nbsp;<a href="#[7f]">GPIOS_Handler</a><BR>
 <LI><a href="#[80]">PMW1_0_Handler</a>&nbsp;&nbsp;&nbsp;&rArr;&nbsp;&nbsp;&nbsp;<a href="#[80]">PMW1_0_Handler</a><BR>
 <LI><a href="#[81]">PWM1_1_Handler</a>&nbsp;&nbsp;&nbsp;&rArr;&nbsp;&nbsp;&nbsp;<a href="#[81]">PWM1_1_Handler</a><BR>
 <LI><a href="#[82]">PWM1_2_Handler</a>&nbsp;&nbsp;&nbsp;&rArr;&nbsp;&nbsp;&nbsp;<a href="#[82]">PWM1_2_Handler</a><BR>
 <LI><a href="#[83]">PWM1_3_Handler</a>&nbsp;&nbsp;&nbsp;&rArr;&nbsp;&nbsp;&nbsp;<a href="#[83]">PWM1_3_Handler</a><BR>
 <LI><a href="#[84]">PWM1_FAULT_Handler</a>&nbsp;&nbsp;&nbsp;&rArr;&nbsp;&nbsp;&nbsp;<a href="#[84]">PWM1_FAULT_Handler</a><BR>
 <LI><a href="#[164]">SysCtlDelay</a>&nbsp;&nbsp;&nbsp;&rArr;&nbsp;&nbsp;&nbsp;<a href="#[164]">SysCtlDelay</a><BR>
 <LI><a href="#[2ad]">UARTConfigSetExpClk</a>&nbsp;&nbsp;&nbsp;&rArr;&nbsp;&nbsp;&nbsp;<a href="#[2ad]">UARTConfigSetExpClk</a><BR>
 <LI><a href="#[2bb]">SSIDataPut</a>&nbsp;&nbsp;&nbsp;&rArr;&nbsp;&nbsp;&nbsp;<a href="#[2bb]">SSIDataPut</a><BR>
</UL>
<P>
<H3>
Function Pointers
</H3><UL>
 <LI><a href="#[27]">ADC0SS0_Handler</a> from startup_tm4c123.o(.text) referenced from startup_tm4c123.o(RESET)
 <LI><a href="#[28]">ADC0SS1_Handler</a> from startup_tm4c123.o(.text) referenced from startup_tm4c123.o(RESET)
 <LI><a href="#[29]">ADC0SS2_Handler</a> from startup_tm4c123.o(.text) referenced from startup_tm4c123.o(RESET)
 <LI><a href="#[2a]">ADC0SS3_Handler</a> from startup_tm4c123.o(.text) referenced from startup_tm4c123.o(RESET)
 <LI><a href="#[48]">ADC1SS0_Handler</a> from startup_tm4c123.o(.text) referenced from startup_tm4c123.o(RESET)
 <LI><a href="#[49]">ADC1SS1_Handler</a> from startup_tm4c123.o(.text) referenced from startup_tm4c123.o(RESET)
 <LI><a href="#[4a]">ADC1SS2_Handler</a> from startup_tm4c123.o(.text) referenced from startup_tm4c123.o(RESET)
 <LI><a href="#[4b]">ADC1SS3_Handler</a> from startup_tm4c123.o(.text) referenced from startup_tm4c123.o(RESET)
 <LI><a href="#[8f]">ADC_Server</a> from drv_adc.o(.text.ADC_Server) referenced 2 times from drv_adc.o(.text.init_drv_ADC)
 <LI><a href="#[13]">BusFault_Handler</a> from startup_tm4c123.o(.text) referenced from startup_tm4c123.o(RESET)
 <LI><a href="#[40]">CAN0_Handler</a> from startup_tm4c123.o(.text) referenced from startup_tm4c123.o(RESET)
 <LI><a href="#[41]">CAN1_Handler</a> from startup_tm4c123.o(.text) referenced from startup_tm4c123.o(RESET)
 <LI><a href="#[42]">CAN2_Handler</a> from startup_tm4c123.o(.text) referenced from startup_tm4c123.o(RESET)
 <LI><a href="#[af]">CDCTickHandler</a> from usbdcdc.o(i.CDCTickHandler) referenced from usbdcdc.o(i.USBDCDCCompositeInit)
 <LI><a href="#[32]">COMP0_Handler</a> from startup_tm4c123.o(.text) referenced from startup_tm4c123.o(RESET)
 <LI><a href="#[33]">COMP1_Handler</a> from startup_tm4c123.o(.text) referenced from startup_tm4c123.o(RESET)
 <LI><a href="#[34]">COMP2_Handler</a> from startup_tm4c123.o(.text) referenced from startup_tm4c123.o(RESET)
 <LI><a href="#[f7]">Cmd10_MAV_CMD_SEND_WGA</a> from mavlinkcmdprocess.o(.text.Cmd10_MAV_CMD_SEND_WGA) referenced from mavlinkcmdprocess.o(.rodata.Mavlink_CMD_Process)
 <LI><a href="#[f8]">Cmd11_MAV_CMD_WRITE_WGA</a> from mavlinkcmdprocess.o(.text.Cmd11_MAV_CMD_WRITE_WGA) referenced from mavlinkcmdprocess.o(.rodata.Mavlink_CMD_Process)
 <LI><a href="#[f9]">Cmd176_MAV_CMD_DO_SET_MODE</a> from mavlinkcmdprocess.o(.text.Cmd176_MAV_CMD_DO_SET_MODE) referenced from mavlinkcmdprocess.o(.rodata.Mavlink_CMD_Process)
 <LI><a href="#[fa]">Cmd511_MAV_CMD_SET_MESSAGE_INTERVAL</a> from mavlinkcmdprocess.o(.text.Cmd511_MAV_CMD_SET_MESSAGE_INTERVAL) referenced from mavlinkcmdprocess.o(.rodata.Mavlink_CMD_Process)
 <LI><a href="#[fb]">Cmd519_MAV_CMD_REQUEST_PROTOCOL_VERSION</a> from mavlinkcmdprocess.o(.text.Cmd519_MAV_CMD_REQUEST_PROTOCOL_VERSION) referenced from mavlinkcmdprocess.o(.rodata.Mavlink_CMD_Process)
 <LI><a href="#[8b]">CommuLink_RCServer</a> from commulink.o(.text.CommuLink_RCServer) referenced 2 times from commulink.o(.text.init_CommuLink)
 <LI><a href="#[8a]">CommuLink_RCTrigger</a> from commulink.o(.text.CommuLink_RCTrigger) referenced 2 times from commulink.o(.text.init_CommuLink)
 <LI><a href="#[8c]">CommuLink_SendServer</a> from commulink.o(.text.CommuLink_SendServer) referenced 2 times from commulink.o(.text.init_CommuLink)
 <LI><a href="#[b8]">DMAUSBIntHandler</a> from usbdma.o(i.DMAUSBIntHandler) referenced from usbdma.o(i.USBLibDMAInit)
 <LI><a href="#[ba]">DMAUSBIntStatusClear</a> from usbdma.o(i.DMAUSBIntStatusClear) referenced from usbdma.o(i.USBLibDMAInit)
 <LI><a href="#[bb]">DMAUSBStatus</a> from usbdma.o(i.DMAUSBStatus) referenced from usbdma.o(i.USBLibDMAInit)
 <LI><a href="#[16]">DebugMon_Handler</a> from startup_tm4c123.o(.text) referenced from startup_tm4c123.o(RESET)
 <LI><a href="#[36]">FLASH_Handler</a> from startup_tm4c123.o(.text) referenced from startup_tm4c123.o(RESET)
 <LI><a href="#[68]">FPU_Handler</a> from startup_tm4c123.o(.text) referenced from startup_tm4c123.o(RESET)
 <LI><a href="#[19]">GPIOA_Handler</a> from startup_tm4c123.o(.text) referenced from startup_tm4c123.o(RESET)
 <LI><a href="#[1a]">GPIOB_Handler</a> from startup_tm4c123.o(.text) referenced from startup_tm4c123.o(RESET)
 <LI><a href="#[1b]">GPIOC_Handler</a> from startup_tm4c123.o(.text) referenced from startup_tm4c123.o(RESET)
 <LI><a href="#[1c]">GPIOD_Handler</a> from startup_tm4c123.o(.text) referenced from startup_tm4c123.o(RESET)
 <LI><a href="#[1d]">GPIOE_Handler</a> from startup_tm4c123.o(.text) referenced from startup_tm4c123.o(RESET)
 <LI><a href="#[37]">GPIOF_Handler</a> from startup_tm4c123.o(.text) referenced from startup_tm4c123.o(RESET)
 <LI><a href="#[38]">GPIOG_Handler</a> from startup_tm4c123.o(.text) referenced from startup_tm4c123.o(RESET)
 <LI><a href="#[39]">GPIOH_Handler</a> from startup_tm4c123.o(.text) referenced from startup_tm4c123.o(RESET)
 <LI><a href="#[4c]">GPIOJ_Handler</a> from startup_tm4c123.o(.text) referenced from startup_tm4c123.o(RESET)
 <LI><a href="#[4d]">GPIOK_Handler</a> from startup_tm4c123.o(.text) referenced from startup_tm4c123.o(RESET)
 <LI><a href="#[4e]">GPIOL_Handler</a> from startup_tm4c123.o(.text) referenced from startup_tm4c123.o(RESET)
 <LI><a href="#[6b]">GPIOM_Handler</a> from startup_tm4c123.o(.text) referenced from startup_tm4c123.o(RESET)
 <LI><a href="#[6c]">GPION_Handler</a> from startup_tm4c123.o(.text) referenced from startup_tm4c123.o(RESET)
 <LI><a href="#[6e]">GPIOP0_Handler</a> from startup_tm4c123.o(.text) referenced from startup_tm4c123.o(RESET)
 <LI><a href="#[6f]">GPIOP1_Handler</a> from startup_tm4c123.o(.text) referenced from startup_tm4c123.o(RESET)
 <LI><a href="#[70]">GPIOP2_Handler</a> from startup_tm4c123.o(.text) referenced from startup_tm4c123.o(RESET)
 <LI><a href="#[71]">GPIOP3_Handler</a> from startup_tm4c123.o(.text) referenced from startup_tm4c123.o(RESET)
 <LI><a href="#[72]">GPIOP4_Handler</a> from startup_tm4c123.o(.text) referenced from startup_tm4c123.o(RESET)
 <LI><a href="#[73]">GPIOP5_Handler</a> from startup_tm4c123.o(.text) referenced from startup_tm4c123.o(RESET)
 <LI><a href="#[74]">GPIOP6_Handler</a> from startup_tm4c123.o(.text) referenced from startup_tm4c123.o(RESET)
 <LI><a href="#[75]">GPIOP7_Handler</a> from startup_tm4c123.o(.text) referenced from startup_tm4c123.o(RESET)
 <LI><a href="#[76]">GPIOQ0_Handler</a> from startup_tm4c123.o(.text) referenced from startup_tm4c123.o(RESET)
 <LI><a href="#[77]">GPIOQ1_Handler</a> from startup_tm4c123.o(.text) referenced from startup_tm4c123.o(RESET)
 <LI><a href="#[78]">GPIOQ2_Handler</a> from startup_tm4c123.o(.text) referenced from startup_tm4c123.o(RESET)
 <LI><a href="#[79]">GPIOQ3_Handler</a> from startup_tm4c123.o(.text) referenced from startup_tm4c123.o(RESET)
 <LI><a href="#[7a]">GPIOQ4_Handler</a> from startup_tm4c123.o(.text) referenced from startup_tm4c123.o(RESET)
 <LI><a href="#[7b]">GPIOQ5_Handler</a> from startup_tm4c123.o(.text) referenced from startup_tm4c123.o(RESET)
 <LI><a href="#[7c]">GPIOQ6_Handler</a> from startup_tm4c123.o(.text) referenced from startup_tm4c123.o(RESET)
 <LI><a href="#[7d]">GPIOQ7_Handler</a> from startup_tm4c123.o(.text) referenced from startup_tm4c123.o(RESET)
 <LI><a href="#[7e]">GPIOR_Handler</a> from startup_tm4c123.o(.text) referenced from startup_tm4c123.o(RESET)
 <LI><a href="#[7f]">GPIOS_Handler</a> from startup_tm4c123.o(.text) referenced from startup_tm4c123.o(RESET)
 <LI><a href="#[90]">GY53_Handler</a> from drv_gy53.o(.text.GY53_Handler) referenced 2 times from drv_gy53.o(.text.init_drv_GY53)
 <LI><a href="#[43]">HIB_Handler</a> from startup_tm4c123.o(.text) referenced from startup_tm4c123.o(RESET)
 <LI><a href="#[ca]">HandleConfigChange</a> from usbdcdc.o(i.HandleConfigChange) referenced from usbdcdc.o(.constdata)
 <LI><a href="#[d0]">HandleDevice</a> from usbdcdc.o(i.HandleDevice) referenced from usbdcdc.o(.constdata)
 <LI><a href="#[ce]">HandleDisconnect</a> from usbdcdc.o(i.HandleDisconnect) referenced from usbdcdc.o(.constdata)
 <LI><a href="#[cb]">HandleEP0Data</a> from usbdcdc.o(i.HandleEP0Data) referenced from usbdcdc.o(.constdata)
 <LI><a href="#[cf]">HandleEndpoints</a> from usbdcdc.o(i.HandleEndpoints) referenced from usbdcdc.o(.constdata)
 <LI><a href="#[c9]">HandleRequests</a> from usbdcdc.o(i.HandleRequests) referenced from usbdcdc.o(.constdata)
 <LI><a href="#[cd]">HandleResume</a> from usbdcdc.o(i.HandleResume) referenced from usbdcdc.o(.constdata)
 <LI><a href="#[cc]">HandleSuspend</a> from usbdcdc.o(i.HandleSuspend) referenced from usbdcdc.o(.constdata)
 <LI><a href="#[11]">HardFault_Handler</a> from main.o(.text.HardFault_Handler) referenced from startup_tm4c123.o(RESET)
 <LI><a href="#[21]">I2C0_Handler</a> from startup_tm4c123.o(.text) referenced from startup_tm4c123.o(RESET)
 <LI><a href="#[9c]">I2C0_Transfered_Handler</a> from drv_sensors.o(.text.I2C0_Transfered_Handler) referenced 2 times from drv_sensors.o(.text.init_drv_Sensors)
 <LI><a href="#[3e]">I2C1_Handler</a> from startup_tm4c123.o(.text) referenced from startup_tm4c123.o(RESET)
 <LI><a href="#[9d]">I2C1_Transfered_Handler</a> from drv_sensors.o(.text.I2C1_Transfered_Handler) referenced 2 times from drv_sensors.o(.text.init_drv_Sensors)
 <LI><a href="#[56]">I2C2_Handler</a> from startup_tm4c123.o(.text) referenced from startup_tm4c123.o(RESET)
 <LI><a href="#[57]">I2C3_Handler</a> from startup_tm4c123.o(.text) referenced from startup_tm4c123.o(RESET)
 <LI><a href="#[69]">I2C4_Handler</a> from startup_tm4c123.o(.text) referenced from startup_tm4c123.o(RESET)
 <LI><a href="#[6a]">I2C5_Handler</a> from startup_tm4c123.o(.text) referenced from startup_tm4c123.o(RESET)
 <LI><a href="#[91]">LED_server</a> from drv_led.o(.text.LED_server) referenced 2 times from drv_led.o(.text.init_drv_LED)
 <LI><a href="#[de]">M00_init_MainFunc</a> from m00_init.o(.text.M00_init_MainFunc) referenced from m00_init.o(.rodata.M00_init)
 <LI><a href="#[dc]">M00_init_enter</a> from m00_init.o(.text.M00_init_enter) referenced from m00_init.o(.rodata.M00_init)
 <LI><a href="#[dd]">M00_init_exit</a> from m00_init.o(.text.M00_init_exit) referenced from m00_init.o(.rodata.M00_init)
 <LI><a href="#[e1]">M01_Ground_MainFunc</a> from m01_ground.o(.text.M01_Ground_MainFunc) referenced from m01_ground.o(.rodata.M01_Ground)
 <LI><a href="#[df]">M01_Ground_enter</a> from m01_ground.o(.text.M01_Ground_enter) referenced from m01_ground.o(.rodata.M01_Ground)
 <LI><a href="#[e0]">M01_Ground_exit</a> from m01_ground.o(.text.M01_Ground_exit) referenced from m01_ground.o(.rodata.M01_Ground)
 <LI><a href="#[e4]">M10_RCCalib_MainFunc</a> from m10_rccalib.o(.text.M10_RCCalib_MainFunc) referenced from m10_rccalib.o(.rodata.M10_RCCalib)
 <LI><a href="#[e2]">M10_RCCalib_enter</a> from m10_rccalib.o(.text.M10_RCCalib_enter) referenced from m10_rccalib.o(.rodata.M10_RCCalib)
 <LI><a href="#[e3]">M10_RCCalib_exit</a> from m10_rccalib.o(.text.M10_RCCalib_exit) referenced from m10_rccalib.o(.rodata.M10_RCCalib)
 <LI><a href="#[e7]">M12_AccCalib_MainFunc</a> from m12_acccalib.o(.text.M12_AccCalib_MainFunc) referenced from m12_acccalib.o(.rodata.M12_AccCalib)
 <LI><a href="#[e5]">M12_AccCalib_enter</a> from m12_acccalib.o(.text.M12_AccCalib_enter) referenced from m12_acccalib.o(.rodata.M12_AccCalib)
 <LI><a href="#[e6]">M12_AccCalib_exit</a> from m12_acccalib.o(.text.M12_AccCalib_exit) referenced from m12_acccalib.o(.rodata.M12_AccCalib)
 <LI><a href="#[ea]">M13_MagCalib_MainFunc</a> from m13_magcalib.o(.text.M13_MagCalib_MainFunc) referenced from m13_magcalib.o(.rodata.M13_MagCalib)
 <LI><a href="#[e8]">M13_MagCalib_enter</a> from m13_magcalib.o(.text.M13_MagCalib_enter) referenced from m13_magcalib.o(.rodata.M13_MagCalib)
 <LI><a href="#[e9]">M13_MagCalib_exit</a> from m13_magcalib.o(.text.M13_MagCalib_exit) referenced from m13_magcalib.o(.rodata.M13_MagCalib)
 <LI><a href="#[ed]">M15_HorizontalCalib_MainFunc</a> from m15_horizontalcalib.o(.text.M15_HorizontalCalib_MainFunc) referenced from m15_horizontalcalib.o(.rodata.M15_HorizontalCalib)
 <LI><a href="#[eb]">M15_HorizontalCalib_enter</a> from m15_horizontalcalib.o(.text.M15_HorizontalCalib_enter) referenced from m15_horizontalcalib.o(.rodata.M15_HorizontalCalib)
 <LI><a href="#[ec]">M15_HorizontalCalib_exit</a> from m15_horizontalcalib.o(.text.M15_HorizontalCalib_exit) referenced from m15_horizontalcalib.o(.rodata.M15_HorizontalCalib)
 <LI><a href="#[f0]">M30_Att_MainFunc</a> from m30_att.o(.text.M30_Att_MainFunc) referenced from m30_att.o(.rodata.M30_Att)
 <LI><a href="#[ee]">M30_Att_enter</a> from m30_att.o(.text.M30_Att_enter) referenced from m30_att.o(.rodata.M30_Att)
 <LI><a href="#[ef]">M30_Att_exit</a> from m30_att.o(.text.M30_Att_exit) referenced from m30_att.o(.rodata.M30_Att)
 <LI><a href="#[f3]">M32_PosCtrl_MainFunc</a> from m32_posctrl.o(.text.M32_PosCtrl_MainFunc) referenced from m32_posctrl.o(.rodata.M32_PosCtrl)
 <LI><a href="#[f1]">M32_PosCtrl_enter</a> from m32_posctrl.o(.text.M32_PosCtrl_enter) referenced from m32_posctrl.o(.rodata.M32_PosCtrl)
 <LI><a href="#[f2]">M32_PosCtrl_exit</a> from m32_posctrl.o(.text.M32_PosCtrl_exit) referenced from m32_posctrl.o(.rodata.M32_PosCtrl)
 <LI><a href="#[f6]">M35_Auto1_MainFunc</a> from m35_auto1.o(.text.M35_Auto1_MainFunc) referenced from m35_auto1.o(.rodata.M35_Auto1)
 <LI><a href="#[f4]">M35_Auto1_enter</a> from m35_auto1.o(.text.M35_Auto1_enter) referenced from m35_auto1.o(.rodata.M35_Auto1)
 <LI><a href="#[f5]">M35_Auto1_exit</a> from m35_auto1.o(.text.M35_Auto1_exit) referenced from m35_auto1.o(.rodata.M35_Auto1)
 <LI><a href="#[9f]">MainMCHandler</a> from drv_sensors.o(.text.MainMCHandler) referenced 2 times from drv_sensors.o(.text.init_drv_Sensors)
 <LI><a href="#[12]">MemManage_Handler</a> from startup_tm4c123.o(.text) referenced from startup_tm4c123.o(RESET)
 <LI><a href="#[8e]">Modes_Server</a> from modes.o(.text.Modes_Server) referenced 2 times from modes.o(.text.init_Modes)
 <LI><a href="#[fc]">Msg0_HEARTBEAT</a> from mavlinkrcprocess.o(.text.Msg0_HEARTBEAT) referenced from mavlinkrcprocess.o(.rodata.Mavlink_RC_Process)
 <LI><a href="#[fd]">Msg20_PARAM_REQUEST_READ</a> from mavlinkrcprocess.o(.text.Msg20_PARAM_REQUEST_READ) referenced from mavlinkrcprocess.o(.rodata.Mavlink_RC_Process)
 <LI><a href="#[fe]">Msg21_PARAM_REQUEST_LIST</a> from mavlinkrcprocess.o(.text.Msg21_PARAM_REQUEST_LIST) referenced from mavlinkrcprocess.o(.rodata.Mavlink_RC_Process)
 <LI><a href="#[ff]">Msg23_PARAM_SET</a> from mavlinkrcprocess.o(.text.Msg23_PARAM_SET) referenced from mavlinkrcprocess.o(.rodata.Mavlink_RC_Process)
 <LI><a href="#[102]">Msg30_ATTITUDE</a> from mavlinksendfuncs.o(.text.Msg30_ATTITUDE) referenced from mavlinksendfuncs.o(.rodata.Mavlink_Send_Funcs)
 <LI><a href="#[103]">Msg31_ATTITUDE_QUATERNION</a> from mavlinksendfuncs.o(.text.Msg31_ATTITUDE_QUATERNION) referenced from mavlinksendfuncs.o(.rodata.Mavlink_Send_Funcs)
 <LI><a href="#[104]">Msg32_LOCAL_POSITION_NED</a> from mavlinksendfuncs.o(.text.Msg32_LOCAL_POSITION_NED) referenced from mavlinksendfuncs.o(.rodata.Mavlink_Send_Funcs)
 <LI><a href="#[100]">Msg66_REQUEST_DATA_STREAM</a> from mavlinkrcprocess.o(.text.Msg66_REQUEST_DATA_STREAM) referenced from mavlinkrcprocess.o(.rodata.Mavlink_RC_Process)
 <LI><a href="#[101]">Msg76_COMMAND_LONG</a> from mavlinkrcprocess.o(.text.Msg76_COMMAND_LONG) referenced from mavlinkrcprocess.o(.rodata.Mavlink_RC_Process)
 <LI><a href="#[10]">NMI_Handler</a> from startup_tm4c123.o(.text) referenced from startup_tm4c123.o(RESET)
 <LI><a href="#[92]">OLED_Sent_Handler</a> from drv_oled.o(.text.OLED_Sent_Handler) referenced 2 times from drv_oled.o(.text.init_drv_OLED)
 <LI><a href="#[93]">OpticalFlow_Handler</a> from drv_opticalflow.o(.text.OpticalFlow_Handler) referenced 2 times from drv_opticalflow.o(.text.init_drv_OpticalFlow)
 <LI><a href="#[22]">PMW0_FAULT_Handler</a> from startup_tm4c123.o(.text) referenced from startup_tm4c123.o(RESET)
 <LI><a href="#[80]">PMW1_0_Handler</a> from startup_tm4c123.o(.text) referenced from startup_tm4c123.o(RESET)
 <LI><a href="#[95]">PPM_Receive_Handler</a> from drv_receiver.o(.text.PPM_Receive_Handler) referenced 2 times from drv_receiver.o(.text.init_drv_Receiver)
 <LI><a href="#[23]">PWM0_0_Handler</a> from startup_tm4c123.o(.text) referenced from startup_tm4c123.o(RESET)
 <LI><a href="#[24]">PWM0_1_Handler</a> from startup_tm4c123.o(.text) referenced from startup_tm4c123.o(RESET)
 <LI><a href="#[25]">PWM0_2_Handler</a> from startup_tm4c123.o(.text) referenced from startup_tm4c123.o(RESET)
 <LI><a href="#[45]">PWM0_3_Handler</a> from startup_tm4c123.o(.text) referenced from startup_tm4c123.o(RESET)
 <LI><a href="#[81]">PWM1_1_Handler</a> from startup_tm4c123.o(.text) referenced from startup_tm4c123.o(RESET)
 <LI><a href="#[82]">PWM1_2_Handler</a> from startup_tm4c123.o(.text) referenced from startup_tm4c123.o(RESET)
 <LI><a href="#[83]">PWM1_3_Handler</a> from startup_tm4c123.o(.text) referenced from startup_tm4c123.o(RESET)
 <LI><a href="#[84]">PWM1_FAULT_Handler</a> from startup_tm4c123.o(.text) referenced from startup_tm4c123.o(RESET)
 <LI><a href="#[110]">Param_get_BatSTVoltage</a> from configurations.o(.text.Param_get_BatSTVoltage) referenced from configurations.o(.rodata.Params)
 <LI><a href="#[112]">Param_get_BatVADCMag</a> from configurations.o(.text.Param_get_BatVADCMag) referenced from configurations.o(.rodata.Params)
 <LI><a href="#[10c]">Param_get_MotorFullThrottleRatio</a> from configurations.o(.text.Param_get_MotorFullThrottleRatio) referenced from configurations.o(.rodata.Params)
 <LI><a href="#[10a]">Param_get_MotorNonlineFactor</a> from configurations.o(.text.Param_get_MotorNonlineFactor) referenced from configurations.o(.rodata.Params)
 <LI><a href="#[108]">Param_get_MotorStartingThrottle</a> from configurations.o(.text.Param_get_MotorStartingThrottle) referenced from configurations.o(.rodata.Params)
 <LI><a href="#[10e]">Param_get_MotorT</a> from configurations.o(.text.Param_get_MotorT) referenced from configurations.o(.rodata.Params)
 <LI><a href="#[128]">Param_get_PitchCtrl_P1</a> from configurations.o(.text.Param_get_PitchCtrl_P1) referenced from configurations.o(.rodata.Params)
 <LI><a href="#[12a]">Param_get_PitchCtrl_P2</a> from configurations.o(.text.Param_get_PitchCtrl_P2) referenced from configurations.o(.rodata.Params)
 <LI><a href="#[12c]">Param_get_PitchCtrl_P3</a> from configurations.o(.text.Param_get_PitchCtrl_P3) referenced from configurations.o(.rodata.Params)
 <LI><a href="#[12e]">Param_get_PitchCtrl_P4</a> from configurations.o(.text.Param_get_PitchCtrl_P4) referenced from configurations.o(.rodata.Params)
 <LI><a href="#[130]">Param_get_PitchCtrl_TD4P1</a> from configurations.o(.text.Param_get_PitchCtrl_TD4P1) referenced from configurations.o(.rodata.Params)
 <LI><a href="#[132]">Param_get_PitchCtrl_TD4P2</a> from configurations.o(.text.Param_get_PitchCtrl_TD4P2) referenced from configurations.o(.rodata.Params)
 <LI><a href="#[134]">Param_get_PitchCtrl_TD4P3</a> from configurations.o(.text.Param_get_PitchCtrl_TD4P3) referenced from configurations.o(.rodata.Params)
 <LI><a href="#[136]">Param_get_PitchCtrl_TD4P4</a> from configurations.o(.text.Param_get_PitchCtrl_TD4P4) referenced from configurations.o(.rodata.Params)
 <LI><a href="#[126]">Param_get_PitchCtrl_b</a> from configurations.o(.text.Param_get_PitchCtrl_b) referenced from configurations.o(.rodata.Params)
 <LI><a href="#[116]">Param_get_RollCtrl_P1</a> from configurations.o(.text.Param_get_RollCtrl_P1) referenced from configurations.o(.rodata.Params)
 <LI><a href="#[118]">Param_get_RollCtrl_P2</a> from configurations.o(.text.Param_get_RollCtrl_P2) referenced from configurations.o(.rodata.Params)
 <LI><a href="#[11a]">Param_get_RollCtrl_P3</a> from configurations.o(.text.Param_get_RollCtrl_P3) referenced from configurations.o(.rodata.Params)
 <LI><a href="#[11c]">Param_get_RollCtrl_P4</a> from configurations.o(.text.Param_get_RollCtrl_P4) referenced from configurations.o(.rodata.Params)
 <LI><a href="#[11e]">Param_get_RollCtrl_TD4P1</a> from configurations.o(.text.Param_get_RollCtrl_TD4P1) referenced from configurations.o(.rodata.Params)
 <LI><a href="#[120]">Param_get_RollCtrl_TD4P2</a> from configurations.o(.text.Param_get_RollCtrl_TD4P2) referenced from configurations.o(.rodata.Params)
 <LI><a href="#[122]">Param_get_RollCtrl_TD4P3</a> from configurations.o(.text.Param_get_RollCtrl_TD4P3) referenced from configurations.o(.rodata.Params)
 <LI><a href="#[124]">Param_get_RollCtrl_TD4P4</a> from configurations.o(.text.Param_get_RollCtrl_TD4P4) referenced from configurations.o(.rodata.Params)
 <LI><a href="#[114]">Param_get_RollCtrl_b</a> from configurations.o(.text.Param_get_RollCtrl_b) referenced from configurations.o(.rodata.Params)
 <LI><a href="#[106]">Param_get_UAVType</a> from configurations.o(.text.Param_get_UAVType) referenced from configurations.o(.rodata.Params)
 <LI><a href="#[13a]">Param_get_YawCtrl_P1</a> from configurations.o(.text.Param_get_YawCtrl_P1) referenced from configurations.o(.rodata.Params)
 <LI><a href="#[13c]">Param_get_YawCtrl_P2</a> from configurations.o(.text.Param_get_YawCtrl_P2) referenced from configurations.o(.rodata.Params)
 <LI><a href="#[13e]">Param_get_YawCtrl_P3</a> from configurations.o(.text.Param_get_YawCtrl_P3) referenced from configurations.o(.rodata.Params)
 <LI><a href="#[140]">Param_get_YawCtrl_P4</a> from configurations.o(.text.Param_get_YawCtrl_P4) referenced from configurations.o(.rodata.Params)
 <LI><a href="#[142]">Param_get_YawCtrl_TD4P1</a> from configurations.o(.text.Param_get_YawCtrl_TD4P1) referenced from configurations.o(.rodata.Params)
 <LI><a href="#[144]">Param_get_YawCtrl_TD4P2</a> from configurations.o(.text.Param_get_YawCtrl_TD4P2) referenced from configurations.o(.rodata.Params)
 <LI><a href="#[146]">Param_get_YawCtrl_TD4P3</a> from configurations.o(.text.Param_get_YawCtrl_TD4P3) referenced from configurations.o(.rodata.Params)
 <LI><a href="#[148]">Param_get_YawCtrl_TD4P4</a> from configurations.o(.text.Param_get_YawCtrl_TD4P4) referenced from configurations.o(.rodata.Params)
 <LI><a href="#[138]">Param_get_YawCtrl_b</a> from configurations.o(.text.Param_get_YawCtrl_b) referenced from configurations.o(.rodata.Params)
 <LI><a href="#[10f]">Param_set_BatSTVoltage</a> from configurations.o(.text.Param_set_BatSTVoltage) referenced from configurations.o(.rodata.Params)
 <LI><a href="#[111]">Param_set_BatVADCMag</a> from configurations.o(.text.Param_set_BatVADCMag) referenced from configurations.o(.rodata.Params)
 <LI><a href="#[10b]">Param_set_MotorFullThrottleRatio</a> from configurations.o(.text.Param_set_MotorFullThrottleRatio) referenced from configurations.o(.rodata.Params)
 <LI><a href="#[109]">Param_set_MotorNonlineFactor</a> from configurations.o(.text.Param_set_MotorNonlineFactor) referenced from configurations.o(.rodata.Params)
 <LI><a href="#[107]">Param_set_MotorStartingThrottle</a> from configurations.o(.text.Param_set_MotorStartingThrottle) referenced from configurations.o(.rodata.Params)
 <LI><a href="#[10d]">Param_set_MotorT</a> from configurations.o(.text.Param_set_MotorT) referenced from configurations.o(.rodata.Params)
 <LI><a href="#[127]">Param_set_PitchCtrl_P1</a> from configurations.o(.text.Param_set_PitchCtrl_P1) referenced from configurations.o(.rodata.Params)
 <LI><a href="#[129]">Param_set_PitchCtrl_P2</a> from configurations.o(.text.Param_set_PitchCtrl_P2) referenced from configurations.o(.rodata.Params)
 <LI><a href="#[12b]">Param_set_PitchCtrl_P3</a> from configurations.o(.text.Param_set_PitchCtrl_P3) referenced from configurations.o(.rodata.Params)
 <LI><a href="#[12d]">Param_set_PitchCtrl_P4</a> from configurations.o(.text.Param_set_PitchCtrl_P4) referenced from configurations.o(.rodata.Params)
 <LI><a href="#[12f]">Param_set_PitchCtrl_TD4P1</a> from configurations.o(.text.Param_set_PitchCtrl_TD4P1) referenced from configurations.o(.rodata.Params)
 <LI><a href="#[131]">Param_set_PitchCtrl_TD4P2</a> from configurations.o(.text.Param_set_PitchCtrl_TD4P2) referenced from configurations.o(.rodata.Params)
 <LI><a href="#[133]">Param_set_PitchCtrl_TD4P3</a> from configurations.o(.text.Param_set_PitchCtrl_TD4P3) referenced from configurations.o(.rodata.Params)
 <LI><a href="#[135]">Param_set_PitchCtrl_TD4P4</a> from configurations.o(.text.Param_set_PitchCtrl_TD4P4) referenced from configurations.o(.rodata.Params)
 <LI><a href="#[125]">Param_set_PitchCtrl_b</a> from configurations.o(.text.Param_set_PitchCtrl_b) referenced from configurations.o(.rodata.Params)
 <LI><a href="#[115]">Param_set_RollCtrl_P1</a> from configurations.o(.text.Param_set_RollCtrl_P1) referenced from configurations.o(.rodata.Params)
 <LI><a href="#[117]">Param_set_RollCtrl_P2</a> from configurations.o(.text.Param_set_RollCtrl_P2) referenced from configurations.o(.rodata.Params)
 <LI><a href="#[119]">Param_set_RollCtrl_P3</a> from configurations.o(.text.Param_set_RollCtrl_P3) referenced from configurations.o(.rodata.Params)
 <LI><a href="#[11b]">Param_set_RollCtrl_P4</a> from configurations.o(.text.Param_set_RollCtrl_P4) referenced from configurations.o(.rodata.Params)
 <LI><a href="#[11d]">Param_set_RollCtrl_TD4P1</a> from configurations.o(.text.Param_set_RollCtrl_TD4P1) referenced from configurations.o(.rodata.Params)
 <LI><a href="#[11f]">Param_set_RollCtrl_TD4P2</a> from configurations.o(.text.Param_set_RollCtrl_TD4P2) referenced from configurations.o(.rodata.Params)
 <LI><a href="#[121]">Param_set_RollCtrl_TD4P3</a> from configurations.o(.text.Param_set_RollCtrl_TD4P3) referenced from configurations.o(.rodata.Params)
 <LI><a href="#[123]">Param_set_RollCtrl_TD4P4</a> from configurations.o(.text.Param_set_RollCtrl_TD4P4) referenced from configurations.o(.rodata.Params)
 <LI><a href="#[113]">Param_set_RollCtrl_b</a> from configurations.o(.text.Param_set_RollCtrl_b) referenced from configurations.o(.rodata.Params)
 <LI><a href="#[105]">Param_set_UAVType</a> from configurations.o(.text.Param_set_UAVType) referenced from configurations.o(.rodata.Params)
 <LI><a href="#[139]">Param_set_YawCtrl_P1</a> from configurations.o(.text.Param_set_YawCtrl_P1) referenced from configurations.o(.rodata.Params)
 <LI><a href="#[13b]">Param_set_YawCtrl_P2</a> from configurations.o(.text.Param_set_YawCtrl_P2) referenced from configurations.o(.rodata.Params)
 <LI><a href="#[13d]">Param_set_YawCtrl_P3</a> from configurations.o(.text.Param_set_YawCtrl_P3) referenced from configurations.o(.rodata.Params)
 <LI><a href="#[13f]">Param_set_YawCtrl_P4</a> from configurations.o(.text.Param_set_YawCtrl_P4) referenced from configurations.o(.rodata.Params)
 <LI><a href="#[141]">Param_set_YawCtrl_TD4P1</a> from configurations.o(.text.Param_set_YawCtrl_TD4P1) referenced from configurations.o(.rodata.Params)
 <LI><a href="#[143]">Param_set_YawCtrl_TD4P2</a> from configurations.o(.text.Param_set_YawCtrl_TD4P2) referenced from configurations.o(.rodata.Params)
 <LI><a href="#[145]">Param_set_YawCtrl_TD4P3</a> from configurations.o(.text.Param_set_YawCtrl_TD4P3) referenced from configurations.o(.rodata.Params)
 <LI><a href="#[147]">Param_set_YawCtrl_TD4P4</a> from configurations.o(.text.Param_set_YawCtrl_TD4P4) referenced from configurations.o(.rodata.Params)
 <LI><a href="#[137]">Param_set_YawCtrl_b</a> from configurations.o(.text.Param_set_YawCtrl_b) referenced from configurations.o(.rodata.Params)
 <LI><a href="#[17]">PendSV_Handler</a> from startup_tm4c123.o(.text) referenced from startup_tm4c123.o(RESET)
 <LI><a href="#[26]">QEI0_Handler</a> from startup_tm4c123.o(.text) referenced from startup_tm4c123.o(RESET)
 <LI><a href="#[3f]">QEI1_Handler</a> from startup_tm4c123.o(.text) referenced from startup_tm4c123.o(RESET)
 <LI><a href="#[6d]">QEI2_Handler</a> from startup_tm4c123.o(.text) referenced from startup_tm4c123.o(RESET)
 <LI><a href="#[96]">RC_Check_Server</a> from drv_receiver.o(.text.RC_Check_Server) referenced 2 times from drv_receiver.o(.text.init_drv_Receiver)
 <LI><a href="#[f]">Reset_Handler</a> from startup_tm4c123.o(.text) referenced from startup_tm4c123.o(RESET)
 <LI><a href="#[98]">SDI_RCTrigger</a> from drv_sdi.o(.text.SDI_RCTrigger) referenced 2 times from drv_sdi.o(.text.init_drv_SDI)
 <LI><a href="#[99]">SDI_Server</a> from drv_sdi.o(.text.SDI_Server) referenced 2 times from drv_sdi.o(.text.init_drv_SDI)
 <LI><a href="#[9a]">SDI_TXTrigger</a> from drv_sdi.o(.text.SDI_TXTrigger) referenced 2 times from drv_sdi.o(.text.init_drv_SDI)
 <LI><a href="#[9b]">SDI_Tx_model_contrl</a> from drv_sdi.o(.text.SDI_Tx_model_contrl) referenced 2 times from drv_sdi.o(.text.init_drv_SDI)
 <LI><a href="#[20]">SSI0_Handler</a> from startup_tm4c123.o(.text) referenced from startup_tm4c123.o(RESET)
 <LI><a href="#[3b]">SSI1_Handler</a> from startup_tm4c123.o(.text) referenced from startup_tm4c123.o(RESET)
 <LI><a href="#[4f]">SSI2_Handler</a> from startup_tm4c123.o(.text) referenced from startup_tm4c123.o(RESET)
 <LI><a href="#[50]">SSI3_Handler</a> from startup_tm4c123.o(.text) referenced from startup_tm4c123.o(RESET)
 <LI><a href="#[15]">SVC_Handler</a> from startup_tm4c123.o(.text) referenced from startup_tm4c123.o(RESET)
 <LI><a href="#[35]">SYSCTL_Handler</a> from startup_tm4c123.o(.text) referenced from startup_tm4c123.o(RESET)
 <LI><a href="#[94]">Sbus_Receive_Handler</a> from drv_receiver.o(.text.Sbus_Receive_Handler) referenced 2 times from drv_receiver.o(.text.init_drv_Receiver)
 <LI><a href="#[18]">SysTick_Handler</a> from startup_tm4c123.o(.text) referenced from startup_tm4c123.o(RESET)
 <LI><a href="#[85]">SystemInit</a> from system_tm4c123.o(.text.SystemInit) referenced from startup_tm4c123.o(.text)
 <LI><a href="#[89]">Systick_IRQHandler</a> from basic.o(.text.Systick_IRQHandler) referenced 2 times from basic.o(.text.init_Basic)
 <LI><a href="#[2c]">TIMER0A_Handler</a> from startup_tm4c123.o(.text) referenced from startup_tm4c123.o(RESET)
 <LI><a href="#[2d]">TIMER0B_Handler</a> from startup_tm4c123.o(.text) referenced from startup_tm4c123.o(RESET)
 <LI><a href="#[2e]">TIMER1A_Handler</a> from startup_tm4c123.o(.text) referenced from startup_tm4c123.o(RESET)
 <LI><a href="#[2f]">TIMER1B_Handler</a> from startup_tm4c123.o(.text) referenced from startup_tm4c123.o(RESET)
 <LI><a href="#[30]">TIMER2A_Handler</a> from startup_tm4c123.o(.text) referenced from startup_tm4c123.o(RESET)
 <LI><a href="#[31]">TIMER2B_Handler</a> from startup_tm4c123.o(.text) referenced from startup_tm4c123.o(RESET)
 <LI><a href="#[3c]">TIMER3A_Handler</a> from startup_tm4c123.o(.text) referenced from startup_tm4c123.o(RESET)
 <LI><a href="#[3d]">TIMER3B_Handler</a> from startup_tm4c123.o(.text) referenced from startup_tm4c123.o(RESET)
 <LI><a href="#[58]">TIMER4A_Handler</a> from startup_tm4c123.o(.text) referenced from startup_tm4c123.o(RESET)
 <LI><a href="#[59]">TIMER4B_Handler</a> from startup_tm4c123.o(.text) referenced from startup_tm4c123.o(RESET)
 <LI><a href="#[5a]">TIMER5A_Handler</a> from startup_tm4c123.o(.text) referenced from startup_tm4c123.o(RESET)
 <LI><a href="#[5b]">TIMER5B_Handler</a> from startup_tm4c123.o(.text) referenced from startup_tm4c123.o(RESET)
 <LI><a href="#[9e]">Timer2A_IRQHandler</a> from drv_sensors.o(.text.Timer2A_IRQHandler) referenced 2 times from drv_sensors.o(.text.init_drv_Sensors)
 <LI><a href="#[a4]">UART0_Handler</a> from drv_uart0.o(.text.UART0_Handler) referenced 2 times from drv_uart0.o(.text.init_drv_Uart0)
 <LI><a href="#[1e]">UART0_Handler</a> from startup_tm4c123.o(.text) referenced from startup_tm4c123.o(RESET)
 <LI><a href="#[1f]">UART1_Handler</a> from startup_tm4c123.o(.text) referenced from startup_tm4c123.o(RESET)
 <LI><a href="#[ac]">UART2_DataAvailable</a> from drv_uart2.o(.text.UART2_DataAvailable) referenced 2 times from drv_uart2.o(.text.init_drv_Uart2)
 <LI><a href="#[a9]">UART2_Handler</a> from drv_uart2.o(.text.UART2_Handler) referenced 2 times from drv_uart2.o(.text.init_drv_Uart2)
 <LI><a href="#[3a]">UART2_Handler</a> from startup_tm4c123.o(.text) referenced from startup_tm4c123.o(RESET)
 <LI><a href="#[97]">UART3_Handler</a> from drv_sdi.o(.text.UART3_Handler) referenced 2 times from drv_sdi.o(.text.init_drv_SDI)
 <LI><a href="#[51]">UART3_Handler</a> from startup_tm4c123.o(.text) referenced from startup_tm4c123.o(RESET)
 <LI><a href="#[52]">UART4_Handler</a> from startup_tm4c123.o(.text) referenced from startup_tm4c123.o(RESET)
 <LI><a href="#[53]">UART5_Handler</a> from startup_tm4c123.o(.text) referenced from startup_tm4c123.o(RESET)
 <LI><a href="#[54]">UART6_Handler</a> from startup_tm4c123.o(.text) referenced from startup_tm4c123.o(RESET)
 <LI><a href="#[55]">UART7_Handler</a> from startup_tm4c123.o(.text) referenced from startup_tm4c123.o(RESET)
 <LI><a href="#[47]">UDMAERR_Handler</a> from startup_tm4c123.o(.text) referenced from startup_tm4c123.o(RESET)
 <LI><a href="#[46]">UDMA_Handler</a> from startup_tm4c123.o(.text) referenced from startup_tm4c123.o(RESET)
 <LI><a href="#[a0]">USB0DeviceIntHandler</a> from usbdhandler.o(i.USB0DeviceIntHandler) referenced 2 times from drv_usb.o(.text.init_drv_USB)
 <LI><a href="#[44]">USB0_Handler</a> from startup_tm4c123.o(.text) referenced from startup_tm4c123.o(RESET)
 <LI><a href="#[8]">USBBufferEventCallback</a> from usbbuffer.o(i.USBBufferEventCallback) referenced 4 times from usb_def.o(.data.g_sCDCDevice)
 <LI><a href="#[a]">USBDCDCPacketRead</a> from usbdcdc.o(i.USBDCDCPacketRead) referenced 2 times from usb_def.o(.data.g_sRxBuffer)
 <LI><a href="#[d]">USBDCDCPacketWrite</a> from usbdcdc.o(i.USBDCDCPacketWrite) referenced 2 times from usb_def.o(.data.g_sTxBuffer)
 <LI><a href="#[b]">USBDCDCRxPacketAvailable</a> from usbdcdc.o(i.USBDCDCRxPacketAvailable) referenced 2 times from usb_def.o(.data.g_sRxBuffer)
 <LI><a href="#[e]">USBDCDCTxPacketAvailable</a> from usbdcdc.o(i.USBDCDCTxPacketAvailable) referenced 2 times from usb_def.o(.data.g_sTxBuffer)
 <LI><a href="#[d2]">USBDClearFeature</a> from usbdenum.o(i.USBDClearFeature) referenced from usbdenum.o(.constdata)
 <LI><a href="#[7]">USBDControlHandler</a> from drv_usb.o(.text.USBDControlHandler) referenced 2 times from usb_def.o(.data.g_sCDCDevice)
 <LI><a href="#[d7]">USBDGetConfiguration</a> from usbdenum.o(i.USBDGetConfiguration) referenced from usbdenum.o(.constdata)
 <LI><a href="#[d5]">USBDGetDescriptor</a> from usbdenum.o(i.USBDGetDescriptor) referenced from usbdenum.o(.constdata)
 <LI><a href="#[d9]">USBDGetInterface</a> from usbdenum.o(i.USBDGetInterface) referenced from usbdenum.o(.constdata)
 <LI><a href="#[d1]">USBDGetStatus</a> from usbdenum.o(i.USBDGetStatus) referenced from usbdenum.o(.constdata)
 <LI><a href="#[9]">USBDRxHandler</a> from drv_usb.o(.text.USBDRxHandler) referenced 2 times from usb_def.o(.data.g_sRxBuffer)
 <LI><a href="#[d4]">USBDSetAddress</a> from usbdenum.o(i.USBDSetAddress) referenced from usbdenum.o(.constdata)
 <LI><a href="#[d8]">USBDSetConfiguration</a> from usbdenum.o(i.USBDSetConfiguration) referenced from usbdenum.o(.constdata)
 <LI><a href="#[d6]">USBDSetDescriptor</a> from usbdenum.o(i.USBDSetDescriptor) referenced from usbdenum.o(.constdata)
 <LI><a href="#[d3]">USBDSetFeature</a> from usbdenum.o(i.USBDSetFeature) referenced from usbdenum.o(.constdata)
 <LI><a href="#[da]">USBDSetInterface</a> from usbdenum.o(i.USBDSetInterface) referenced from usbdenum.o(.constdata)
 <LI><a href="#[db]">USBDSyncFrame</a> from usbdenum.o(i.USBDSyncFrame) referenced from usbdenum.o(.constdata)
 <LI><a href="#[c]">USBDTxHandler</a> from drv_usb.o(.text.USBDTxHandler) referenced 2 times from usb_def.o(.data.g_sTxBuffer)
 <LI><a href="#[a5]">Uart0_RCTrigger</a> from drv_uart0.o(.text.Uart0_RCTrigger) referenced 2 times from drv_uart0.o(.text.init_drv_Uart0)
 <LI><a href="#[a6]">Uart0_Server</a> from drv_uart0.o(.text.Uart0_Server) referenced 2 times from drv_uart0.o(.text.init_drv_Uart0)
 <LI><a href="#[a8]">Uart0_Server_Send</a> from drv_uart0.o(.text.Uart0_Server_Send) referenced 2 times from drv_uart0.o(.text.init_drv_Uart0)
 <LI><a href="#[a7]">Uart0_TCTrigger</a> from drv_uart0.o(.text.Uart0_TCTrigger) referenced 2 times from drv_uart0.o(.text.init_drv_Uart0)
 <LI><a href="#[aa]">Uart2_Send</a> from drv_uart2.o(.text.Uart2_Send) referenced 2 times from drv_uart2.o(.text.init_drv_Uart2)
 <LI><a href="#[ad]">Ultrasonic_Handler</a> from drv_ultrasonic.o(.text.Ultrasonic_Handler) referenced 2 times from drv_ultrasonic.o(.text.init_drv_Ultrasonic)
 <LI><a href="#[ae]">Ultrasonic_Server</a> from drv_ultrasonic.o(.text.Ultrasonic_Server) referenced 2 times from drv_ultrasonic.o(.text.init_drv_Ultrasonic)
 <LI><a href="#[14]">UsageFault_Handler</a> from startup_tm4c123.o(.text) referenced from startup_tm4c123.o(RESET)
 <LI><a href="#[a3]">UsbUart_DataAvailable</a> from drv_usb.o(.text.UsbUart_DataAvailable) referenced 2 times from drv_usb.o(.text.init_drv_USB)
 <LI><a href="#[2b]">WDT0_Handler</a> from startup_tm4c123.o(.text) referenced from startup_tm4c123.o(RESET)
 <LI><a href="#[5c]">WTIMER0A_Handler</a> from startup_tm4c123.o(.text) referenced from startup_tm4c123.o(RESET)
 <LI><a href="#[5d]">WTIMER0B_Handler</a> from startup_tm4c123.o(.text) referenced from startup_tm4c123.o(RESET)
 <LI><a href="#[5e]">WTIMER1A_Handler</a> from startup_tm4c123.o(.text) referenced from startup_tm4c123.o(RESET)
 <LI><a href="#[5f]">WTIMER1B_Handler</a> from startup_tm4c123.o(.text) referenced from startup_tm4c123.o(RESET)
 <LI><a href="#[60]">WTIMER2A_Handler</a> from startup_tm4c123.o(.text) referenced from startup_tm4c123.o(RESET)
 <LI><a href="#[61]">WTIMER2B_Handler</a> from startup_tm4c123.o(.text) referenced from startup_tm4c123.o(RESET)
 <LI><a href="#[62]">WTIMER3A_Handler</a> from startup_tm4c123.o(.text) referenced from startup_tm4c123.o(RESET)
 <LI><a href="#[63]">WTIMER3B_Handler</a> from startup_tm4c123.o(.text) referenced from startup_tm4c123.o(RESET)
 <LI><a href="#[64]">WTIMER4A_Handler</a> from startup_tm4c123.o(.text) referenced from startup_tm4c123.o(RESET)
 <LI><a href="#[65]">WTIMER4B_Handler</a> from startup_tm4c123.o(.text) referenced from startup_tm4c123.o(RESET)
 <LI><a href="#[66]">WTIMER5A_Handler</a> from startup_tm4c123.o(.text) referenced from startup_tm4c123.o(RESET)
 <LI><a href="#[67]">WTIMER5B_Handler</a> from startup_tm4c123.o(.text) referenced from startup_tm4c123.o(RESET)
 <LI><a href="#[149]">__main</a> from __main.o(!!!main) referenced from startup_tm4c123.o(.text)
 <LI><a href="#[88]">_printf_input_char</a> from _printf_char_common.o(.text) referenced from _printf_char_common.o(.text)
 <LI><a href="#[87]">_sputc</a> from _sputc.o(.text) referenced from noretval__2sprintf.o(.text)
 <LI><a href="#[8d]">debug_server</a> from debug.o(.text.debug_server) referenced 2 times from debug.o(.text.init_Debug)
 <LI><a href="#[be]">iDMAUSBArbSizeSet</a> from usbdma.o(i.iDMAUSBArbSizeSet) referenced from usbdma.o(i.USBLibDMAInit)
 <LI><a href="#[bf]">iDMAUSBChannelAllocate</a> from usbdma.o(i.iDMAUSBChannelAllocate) referenced from usbdma.o(i.USBLibDMAInit)
 <LI><a href="#[c7]">iDMAUSBChannelDisable</a> from usbdma.o(i.iDMAUSBChannelDisable) referenced from usbdma.o(i.USBLibDMAInit)
 <LI><a href="#[c6]">iDMAUSBChannelEnable</a> from usbdma.o(i.iDMAUSBChannelEnable) referenced from usbdma.o(i.USBLibDMAInit)
 <LI><a href="#[c3]">iDMAUSBChannelIntDisable</a> from usbdma.o(i.iDMAUSBChannelIntDisable) referenced from usbdma.o(i.USBLibDMAInit)
 <LI><a href="#[c2]">iDMAUSBChannelIntEnable</a> from usbdma.o(i.iDMAUSBChannelIntEnable) referenced from usbdma.o(i.USBLibDMAInit)
 <LI><a href="#[c5]">iDMAUSBChannelRelease</a> from usbdma.o(i.iDMAUSBChannelRelease) referenced from usbdma.o(i.USBLibDMAInit)
 <LI><a href="#[c0]">iDMAUSBChannelStatus</a> from usbdma.o(i.iDMAUSBChannelStatus) referenced from usbdma.o(i.USBLibDMAInit)
 <LI><a href="#[c1]">iDMAUSBIntStatus</a> from usbdma.o(i.iDMAUSBIntStatus) referenced from usbdma.o(i.USBLibDMAInit)
 <LI><a href="#[c4]">iDMAUSBTransfer</a> from usbdma.o(i.iDMAUSBTransfer) referenced from usbdma.o(i.USBLibDMAInit)
 <LI><a href="#[c8]">iDMAUSBUnitSizeSet</a> from usbdma.o(i.iDMAUSBUnitSizeSet) referenced from usbdma.o(i.USBLibDMAInit)
 <LI><a href="#[ab]">read_UART2</a> from drv_uart2.o(.text.read_UART2) referenced 2 times from drv_uart2.o(.text.init_drv_Uart2)
 <LI><a href="#[a2]">read_UsbUart</a> from drv_usb.o(.text.read_UsbUart) referenced 2 times from drv_usb.o(.text.init_drv_USB)
 <LI><a href="#[b0]">uDMAUSBArbSizeSet</a> from usbdma.o(i.uDMAUSBArbSizeSet) referenced from usbdma.o(i.USBLibDMAInit)
 <LI><a href="#[b1]">uDMAUSBChannelAllocate</a> from usbdma.o(i.uDMAUSBChannelAllocate) referenced from usbdma.o(i.USBLibDMAInit)
 <LI><a href="#[b2]">uDMAUSBChannelDisable</a> from usbdma.o(i.uDMAUSBChannelDisable) referenced from usbdma.o(i.USBLibDMAInit)
 <LI><a href="#[b3]">uDMAUSBChannelEnable</a> from usbdma.o(i.uDMAUSBChannelEnable) referenced from usbdma.o(i.USBLibDMAInit)
 <LI><a href="#[b5]">uDMAUSBChannelIntDisable</a> from usbdma.o(i.uDMAUSBChannelIntDisable) referenced from usbdma.o(i.USBLibDMAInit)
 <LI><a href="#[b4]">uDMAUSBChannelIntEnable</a> from usbdma.o(i.uDMAUSBChannelIntEnable) referenced from usbdma.o(i.USBLibDMAInit)
 <LI><a href="#[b6]">uDMAUSBChannelRelease</a> from usbdma.o(i.uDMAUSBChannelRelease) referenced from usbdma.o(i.USBLibDMAInit)
 <LI><a href="#[b7]">uDMAUSBChannelStatus</a> from usbdma.o(i.uDMAUSBChannelStatus) referenced from usbdma.o(i.USBLibDMAInit)
 <LI><a href="#[b9]">uDMAUSBIntStatus</a> from usbdma.o(i.uDMAUSBIntStatus) referenced from usbdma.o(i.USBLibDMAInit)
 <LI><a href="#[bc]">uDMAUSBTransfer</a> from usbdma.o(i.uDMAUSBTransfer) referenced from usbdma.o(i.USBLibDMAInit)
 <LI><a href="#[bd]">uDMAUSBUnitSizeSet</a> from usbdma.o(i.uDMAUSBUnitSizeSet) referenced from usbdma.o(i.USBLibDMAInit)
 <LI><a href="#[a1]">write_UsbUart</a> from drv_usb.o(.text.write_UsbUart) referenced 2 times from drv_usb.o(.text.init_drv_USB)
</UL>
<P>
<H3>
Global Symbols
</H3>
<P><STRONG><a name="[149]"></a>__main</STRONG> (Thumb, 8 bytes, Stack size 0 bytes, __main.o(!!!main))
<BR><BR>[Calls]<UL><LI><a href="#[14b]">&gt;&gt;</a>&nbsp;&nbsp;&nbsp;__rt_entry
<LI><a href="#[14a]">&gt;&gt;</a>&nbsp;&nbsp;&nbsp;__scatterload
</UL>

<P><STRONG><a name="[14a]"></a>__scatterload</STRONG> (Thumb, 0 bytes, Stack size unknown bytes, __scatter.o(!!!scatter))
<BR><BR>[Called By]<UL><LI><a href="#[149]">&gt;&gt;</a>&nbsp;&nbsp;&nbsp;__main
</UL>

<P><STRONG><a name="[14c]"></a>__scatterload_rt2</STRONG> (Thumb, 44 bytes, Stack size unknown bytes, __scatter.o(!!!scatter), UNUSED)
<BR><BR>[Calls]<UL><LI><a href="#[14b]">&gt;&gt;</a>&nbsp;&nbsp;&nbsp;__rt_entry
</UL>

<P><STRONG><a name="[378]"></a>__scatterload_rt2_thumb_only</STRONG> (Thumb, 0 bytes, Stack size unknown bytes, __scatter.o(!!!scatter), UNUSED)

<P><STRONG><a name="[379]"></a>__scatterload_null</STRONG> (Thumb, 0 bytes, Stack size unknown bytes, __scatter.o(!!!scatter), UNUSED)

<P><STRONG><a name="[37a]"></a>__decompress</STRONG> (Thumb, 90 bytes, Stack size unknown bytes, __dczerorl2.o(!!dczerorl2), UNUSED)

<P><STRONG><a name="[37b]"></a>__decompress1</STRONG> (Thumb, 0 bytes, Stack size unknown bytes, __dczerorl2.o(!!dczerorl2), UNUSED)

<P><STRONG><a name="[37c]"></a>__scatterload_zeroinit</STRONG> (Thumb, 28 bytes, Stack size unknown bytes, __scatter_zi.o(!!handler_zi), UNUSED)

<P><STRONG><a name="[14d]"></a>_printf_f</STRONG> (Thumb, 0 bytes, Stack size unknown bytes, _printf_f.o(.ARM.Collect$$_printf_percent$$00000003))
<BR><BR>[Stack]<UL><LI>Max Depth = 1968 + Unknown Stack Size
<LI>Call Chain = _printf_f &rArr; _printf_fp_dec &rArr; _printf_fp_dec_real &rArr; _fp_digits &rArr; _btod_main &rArr; _btod_common &rArr; _btod_pow &rArr; _btod_mul
</UL>
<BR>[Calls]<UL><LI><a href="#[14e]">&gt;&gt;</a>&nbsp;&nbsp;&nbsp;_printf_fp_dec
</UL>

<P><STRONG><a name="[16e]"></a>_printf_percent</STRONG> (Thumb, 0 bytes, Stack size unknown bytes, _printf_percent.o(.ARM.Collect$$_printf_percent$$00000000))
<BR><BR>[Called By]<UL><LI><a href="#[16c]">&gt;&gt;</a>&nbsp;&nbsp;&nbsp;__printf
</UL>

<P><STRONG><a name="[14f]"></a>_printf_d</STRONG> (Thumb, 0 bytes, Stack size unknown bytes, _printf_d.o(.ARM.Collect$$_printf_percent$$00000009))
<BR><BR>[Stack]<UL><LI>Max Depth = 72 + Unknown Stack Size
<LI>Call Chain = _printf_d &rArr; _printf_int_dec &rArr; _printf_int_common &rArr; _printf_post_padding
</UL>
<BR>[Calls]<UL><LI><a href="#[150]">&gt;&gt;</a>&nbsp;&nbsp;&nbsp;_printf_int_dec
</UL>

<P><STRONG><a name="[37d]"></a>_printf_percent_end</STRONG> (Thumb, 0 bytes, Stack size unknown bytes, _printf_percent_end.o(.ARM.Collect$$_printf_percent$$00000017))

<P><STRONG><a name="[15c]"></a>__rt_lib_init</STRONG> (Thumb, 0 bytes, Stack size unknown bytes, libinit.o(.ARM.Collect$$libinit$$00000000))
<BR><BR>[Called By]<UL><LI><a href="#[15b]">&gt;&gt;</a>&nbsp;&nbsp;&nbsp;__rt_entry_li
</UL>

<P><STRONG><a name="[151]"></a>__rt_lib_init_fp_1</STRONG> (Thumb, 0 bytes, Stack size unknown bytes, libinit2.o(.ARM.Collect$$libinit$$00000001))
<BR><BR>[Calls]<UL><LI><a href="#[152]">&gt;&gt;</a>&nbsp;&nbsp;&nbsp;_fp_init
</UL>

<P><STRONG><a name="[153]"></a>__rt_lib_init_heap_2</STRONG> (Thumb, 0 bytes, Stack size unknown bytes, libinit2.o(.ARM.Collect$$libinit$$00000005))
<BR><BR>[Stack]<UL><LI>Max Depth = 56 + Unknown Stack Size
<LI>Call Chain = __rt_lib_init_heap_2 &rArr; _init_alloc &rArr; __rt_SIGRTMEM &rArr; __rt_SIGRTMEM_inner &rArr; __default_signal_display
</UL>
<BR>[Calls]<UL><LI><a href="#[154]">&gt;&gt;</a>&nbsp;&nbsp;&nbsp;_init_alloc
</UL>

<P><STRONG><a name="[37e]"></a>__rt_lib_init_preinit_1</STRONG> (Thumb, 0 bytes, Stack size unknown bytes, libinit2.o(.ARM.Collect$$libinit$$00000004))

<P><STRONG><a name="[37f]"></a>__rt_lib_init_heap_1</STRONG> (Thumb, 0 bytes, Stack size unknown bytes, libinit2.o(.ARM.Collect$$libinit$$0000000A))

<P><STRONG><a name="[155]"></a>__rt_lib_init_lc_common</STRONG> (Thumb, 0 bytes, Stack size unknown bytes, libinit2.o(.ARM.Collect$$libinit$$0000000F))
<BR><BR>[Calls]<UL><LI><a href="#[156]">&gt;&gt;</a>&nbsp;&nbsp;&nbsp;__rt_locale
</UL>

<P><STRONG><a name="[380]"></a>__rt_lib_init_rand_1</STRONG> (Thumb, 0 bytes, Stack size unknown bytes, libinit2.o(.ARM.Collect$$libinit$$0000000E))

<P><STRONG><a name="[381]"></a>__rt_lib_init_user_alloc_1</STRONG> (Thumb, 0 bytes, Stack size unknown bytes, libinit2.o(.ARM.Collect$$libinit$$0000000C))

<P><STRONG><a name="[382]"></a>__rt_lib_init_lc_collate_1</STRONG> (Thumb, 0 bytes, Stack size unknown bytes, libinit2.o(.ARM.Collect$$libinit$$00000011))

<P><STRONG><a name="[383]"></a>__rt_lib_init_lc_ctype_1</STRONG> (Thumb, 0 bytes, Stack size unknown bytes, libinit2.o(.ARM.Collect$$libinit$$00000013))

<P><STRONG><a name="[384]"></a>__rt_lib_init_lc_monetary_1</STRONG> (Thumb, 0 bytes, Stack size unknown bytes, libinit2.o(.ARM.Collect$$libinit$$00000015))

<P><STRONG><a name="[157]"></a>__rt_lib_init_lc_numeric_2</STRONG> (Thumb, 0 bytes, Stack size unknown bytes, libinit2.o(.ARM.Collect$$libinit$$00000016))
<BR><BR>[Stack]<UL><LI>Max Depth = 16 + Unknown Stack Size
<LI>Call Chain = __rt_lib_init_lc_numeric_2 &rArr; _get_lc_numeric &rArr; strcmp
</UL>
<BR>[Calls]<UL><LI><a href="#[158]">&gt;&gt;</a>&nbsp;&nbsp;&nbsp;_get_lc_numeric
</UL>

<P><STRONG><a name="[385]"></a>__rt_lib_init_alloca_1</STRONG> (Thumb, 0 bytes, Stack size unknown bytes, libinit2.o(.ARM.Collect$$libinit$$0000002E))

<P><STRONG><a name="[386]"></a>__rt_lib_init_argv_1</STRONG> (Thumb, 0 bytes, Stack size unknown bytes, libinit2.o(.ARM.Collect$$libinit$$0000002C))

<P><STRONG><a name="[387]"></a>__rt_lib_init_atexit_1</STRONG> (Thumb, 0 bytes, Stack size unknown bytes, libinit2.o(.ARM.Collect$$libinit$$0000001B))

<P><STRONG><a name="[388]"></a>__rt_lib_init_clock_1</STRONG> (Thumb, 0 bytes, Stack size unknown bytes, libinit2.o(.ARM.Collect$$libinit$$00000021))

<P><STRONG><a name="[389]"></a>__rt_lib_init_cpp_1</STRONG> (Thumb, 0 bytes, Stack size unknown bytes, libinit2.o(.ARM.Collect$$libinit$$00000032))

<P><STRONG><a name="[38a]"></a>__rt_lib_init_exceptions_1</STRONG> (Thumb, 0 bytes, Stack size unknown bytes, libinit2.o(.ARM.Collect$$libinit$$00000030))

<P><STRONG><a name="[38b]"></a>__rt_lib_init_fp_trap_1</STRONG> (Thumb, 0 bytes, Stack size unknown bytes, libinit2.o(.ARM.Collect$$libinit$$0000001F))

<P><STRONG><a name="[38c]"></a>__rt_lib_init_getenv_1</STRONG> (Thumb, 0 bytes, Stack size unknown bytes, libinit2.o(.ARM.Collect$$libinit$$00000023))

<P><STRONG><a name="[38d]"></a>__rt_lib_init_lc_numeric_1</STRONG> (Thumb, 0 bytes, Stack size unknown bytes, libinit2.o(.ARM.Collect$$libinit$$00000017))

<P><STRONG><a name="[38e]"></a>__rt_lib_init_lc_time_1</STRONG> (Thumb, 0 bytes, Stack size unknown bytes, libinit2.o(.ARM.Collect$$libinit$$00000019))

<P><STRONG><a name="[38f]"></a>__rt_lib_init_return</STRONG> (Thumb, 0 bytes, Stack size unknown bytes, libinit2.o(.ARM.Collect$$libinit$$00000033))

<P><STRONG><a name="[390]"></a>__rt_lib_init_signal_1</STRONG> (Thumb, 0 bytes, Stack size unknown bytes, libinit2.o(.ARM.Collect$$libinit$$0000001D))

<P><STRONG><a name="[391]"></a>__rt_lib_init_stdio_1</STRONG> (Thumb, 0 bytes, Stack size unknown bytes, libinit2.o(.ARM.Collect$$libinit$$00000025))

<P><STRONG><a name="[161]"></a>__rt_lib_shutdown</STRONG> (Thumb, 0 bytes, Stack size unknown bytes, libshutdown.o(.ARM.Collect$$libshutdown$$00000000))
<BR><BR>[Called By]<UL><LI><a href="#[160]">&gt;&gt;</a>&nbsp;&nbsp;&nbsp;__rt_exit_ls
</UL>

<P><STRONG><a name="[392]"></a>__rt_lib_shutdown_cpp_1</STRONG> (Thumb, 0 bytes, Stack size unknown bytes, libshutdown2.o(.ARM.Collect$$libshutdown$$00000002))

<P><STRONG><a name="[393]"></a>__rt_lib_shutdown_fp_trap_1</STRONG> (Thumb, 0 bytes, Stack size unknown bytes, libshutdown2.o(.ARM.Collect$$libshutdown$$00000007))

<P><STRONG><a name="[394]"></a>__rt_lib_shutdown_heap_1</STRONG> (Thumb, 0 bytes, Stack size unknown bytes, libshutdown2.o(.ARM.Collect$$libshutdown$$0000000F))

<P><STRONG><a name="[395]"></a>__rt_lib_shutdown_return</STRONG> (Thumb, 0 bytes, Stack size unknown bytes, libshutdown2.o(.ARM.Collect$$libshutdown$$00000010))

<P><STRONG><a name="[396]"></a>__rt_lib_shutdown_signal_1</STRONG> (Thumb, 0 bytes, Stack size unknown bytes, libshutdown2.o(.ARM.Collect$$libshutdown$$0000000A))

<P><STRONG><a name="[397]"></a>__rt_lib_shutdown_stdio_1</STRONG> (Thumb, 0 bytes, Stack size unknown bytes, libshutdown2.o(.ARM.Collect$$libshutdown$$00000004))

<P><STRONG><a name="[398]"></a>__rt_lib_shutdown_user_alloc_1</STRONG> (Thumb, 0 bytes, Stack size unknown bytes, libshutdown2.o(.ARM.Collect$$libshutdown$$0000000C))

<P><STRONG><a name="[14b]"></a>__rt_entry</STRONG> (Thumb, 0 bytes, Stack size unknown bytes, __rtentry.o(.ARM.Collect$$rtentry$$00000000))
<BR><BR>[Called By]<UL><LI><a href="#[149]">&gt;&gt;</a>&nbsp;&nbsp;&nbsp;__main
<LI><a href="#[14c]">&gt;&gt;</a>&nbsp;&nbsp;&nbsp;__scatterload_rt2
</UL>

<P><STRONG><a name="[399]"></a>__rt_entry_presh_1</STRONG> (Thumb, 0 bytes, Stack size unknown bytes, __rtentry2.o(.ARM.Collect$$rtentry$$00000002))

<P><STRONG><a name="[159]"></a>__rt_entry_sh</STRONG> (Thumb, 0 bytes, Stack size unknown bytes, __rtentry4.o(.ARM.Collect$$rtentry$$00000004))
<BR><BR>[Stack]<UL><LI>Max Depth = 8 + Unknown Stack Size
<LI>Call Chain = __rt_entry_sh &rArr; __user_setup_stackheap
</UL>
<BR>[Calls]<UL><LI><a href="#[15a]">&gt;&gt;</a>&nbsp;&nbsp;&nbsp;__user_setup_stackheap
</UL>

<P><STRONG><a name="[15b]"></a>__rt_entry_li</STRONG> (Thumb, 0 bytes, Stack size unknown bytes, __rtentry2.o(.ARM.Collect$$rtentry$$0000000A))
<BR><BR>[Calls]<UL><LI><a href="#[15c]">&gt;&gt;</a>&nbsp;&nbsp;&nbsp;__rt_lib_init
</UL>

<P><STRONG><a name="[39a]"></a>__rt_entry_postsh_1</STRONG> (Thumb, 0 bytes, Stack size unknown bytes, __rtentry2.o(.ARM.Collect$$rtentry$$00000009))

<P><STRONG><a name="[15d]"></a>__rt_entry_main</STRONG> (Thumb, 0 bytes, Stack size unknown bytes, __rtentry2.o(.ARM.Collect$$rtentry$$0000000D))
<BR><BR>[Stack]<UL><LI>Max Depth = 188 + Unknown Stack Size
<LI>Call Chain = __rt_entry_main &rArr; main &rArr; init_MS &rArr; init_MS_Attitude &rArr; Filter_Butter4_LP_float_setCutoffFrequency &rArr; __hardfp_tanf &rArr; __mathlib_rredf2
</UL>
<BR>[Calls]<UL><LI><a href="#[15e]">&gt;&gt;</a>&nbsp;&nbsp;&nbsp;main
<LI><a href="#[15f]">&gt;&gt;</a>&nbsp;&nbsp;&nbsp;exit
</UL>

<P><STRONG><a name="[39b]"></a>__rt_entry_postli_1</STRONG> (Thumb, 0 bytes, Stack size unknown bytes, __rtentry2.o(.ARM.Collect$$rtentry$$0000000C))

<P><STRONG><a name="[18e]"></a>__rt_exit</STRONG> (Thumb, 0 bytes, Stack size unknown bytes, rtexit.o(.ARM.Collect$$rtexit$$00000000))
<BR><BR>[Called By]<UL><LI><a href="#[15f]">&gt;&gt;</a>&nbsp;&nbsp;&nbsp;exit
</UL>

<P><STRONG><a name="[160]"></a>__rt_exit_ls</STRONG> (Thumb, 0 bytes, Stack size unknown bytes, rtexit2.o(.ARM.Collect$$rtexit$$00000003))
<BR><BR>[Calls]<UL><LI><a href="#[161]">&gt;&gt;</a>&nbsp;&nbsp;&nbsp;__rt_lib_shutdown
</UL>

<P><STRONG><a name="[39c]"></a>__rt_exit_prels_1</STRONG> (Thumb, 0 bytes, Stack size unknown bytes, rtexit2.o(.ARM.Collect$$rtexit$$00000002))

<P><STRONG><a name="[162]"></a>__rt_exit_exit</STRONG> (Thumb, 0 bytes, Stack size unknown bytes, rtexit2.o(.ARM.Collect$$rtexit$$00000004))
<BR><BR>[Calls]<UL><LI><a href="#[163]">&gt;&gt;</a>&nbsp;&nbsp;&nbsp;_sys_exit
</UL>

<P><STRONG><a name="[164]"></a>SysCtlDelay</STRONG> (Thumb, 6 bytes, Stack size 0 bytes, sysctl.o(.emb_text))
<BR><BR>[Calls]<UL><LI><a href="#[164]">&gt;&gt;</a>&nbsp;&nbsp;&nbsp;SysCtlDelay
</UL>
<BR>[Called By]<UL><LI><a href="#[164]">&gt;&gt;</a>&nbsp;&nbsp;&nbsp;SysCtlDelay
<LI><a href="#[282]">&gt;&gt;</a>&nbsp;&nbsp;&nbsp;init_drv_PWMOut
<LI><a href="#[280]">&gt;&gt;</a>&nbsp;&nbsp;&nbsp;init_drv_LED
<LI><a href="#[2ab]">&gt;&gt;</a>&nbsp;&nbsp;&nbsp;EEPROMInit
<LI><a href="#[1b8]">&gt;&gt;</a>&nbsp;&nbsp;&nbsp;EEPROMProgram
<LI><a href="#[26f]">&gt;&gt;</a>&nbsp;&nbsp;&nbsp;SysCtlClockSet
</UL>

<P><STRONG><a name="[2f5]"></a>CPUcpsid</STRONG> (Thumb, 8 bytes, Stack size 0 bytes, cpu.o(.emb_text))
<BR><BR>[Called By]<UL><LI><a href="#[2f4]">&gt;&gt;</a>&nbsp;&nbsp;&nbsp;IntMasterDisable
</UL>

<P><STRONG><a name="[39d]"></a>CPUprimask</STRONG> (Thumb, 6 bytes, Stack size 0 bytes, cpu.o(.emb_text), UNUSED)

<P><STRONG><a name="[2f7]"></a>CPUcpsie</STRONG> (Thumb, 8 bytes, Stack size 0 bytes, cpu.o(.emb_text))
<BR><BR>[Called By]<UL><LI><a href="#[2f6]">&gt;&gt;</a>&nbsp;&nbsp;&nbsp;IntMasterEnable
</UL>

<P><STRONG><a name="[39e]"></a>CPUwfi</STRONG> (Thumb, 4 bytes, Stack size 0 bytes, cpu.o(.emb_text), UNUSED)

<P><STRONG><a name="[39f]"></a>CPUbasepriSet</STRONG> (Thumb, 6 bytes, Stack size 0 bytes, cpu.o(.emb_text), UNUSED)

<P><STRONG><a name="[3a0]"></a>CPUbasepriGet</STRONG> (Thumb, 6 bytes, Stack size 0 bytes, cpu.o(.emb_text), UNUSED)

<P><STRONG><a name="[f]"></a>Reset_Handler</STRONG> (Thumb, 8 bytes, Stack size 0 bytes, startup_tm4c123.o(.text))
<BR>[Address Reference Count : 1]<UL><LI> startup_tm4c123.o(RESET)
</UL>
<P><STRONG><a name="[10]"></a>NMI_Handler</STRONG> (Thumb, 2 bytes, Stack size 0 bytes, startup_tm4c123.o(.text))
<BR><BR>[Calls]<UL><LI><a href="#[10]">&gt;&gt;</a>&nbsp;&nbsp;&nbsp;NMI_Handler
</UL>
<BR>[Called By]<UL><LI><a href="#[10]">&gt;&gt;</a>&nbsp;&nbsp;&nbsp;NMI_Handler
</UL>
<BR>[Address Reference Count : 1]<UL><LI> startup_tm4c123.o(RESET)
</UL>
<P><STRONG><a name="[12]"></a>MemManage_Handler</STRONG> (Thumb, 2 bytes, Stack size 0 bytes, startup_tm4c123.o(.text))
<BR><BR>[Calls]<UL><LI><a href="#[12]">&gt;&gt;</a>&nbsp;&nbsp;&nbsp;MemManage_Handler
</UL>
<BR>[Called By]<UL><LI><a href="#[12]">&gt;&gt;</a>&nbsp;&nbsp;&nbsp;MemManage_Handler
</UL>
<BR>[Address Reference Count : 1]<UL><LI> startup_tm4c123.o(RESET)
</UL>
<P><STRONG><a name="[13]"></a>BusFault_Handler</STRONG> (Thumb, 2 bytes, Stack size 0 bytes, startup_tm4c123.o(.text))
<BR><BR>[Calls]<UL><LI><a href="#[13]">&gt;&gt;</a>&nbsp;&nbsp;&nbsp;BusFault_Handler
</UL>
<BR>[Called By]<UL><LI><a href="#[13]">&gt;&gt;</a>&nbsp;&nbsp;&nbsp;BusFault_Handler
</UL>
<BR>[Address Reference Count : 1]<UL><LI> startup_tm4c123.o(RESET)
</UL>
<P><STRONG><a name="[14]"></a>UsageFault_Handler</STRONG> (Thumb, 2 bytes, Stack size 0 bytes, startup_tm4c123.o(.text))
<BR><BR>[Calls]<UL><LI><a href="#[14]">&gt;&gt;</a>&nbsp;&nbsp;&nbsp;UsageFault_Handler
</UL>
<BR>[Called By]<UL><LI><a href="#[14]">&gt;&gt;</a>&nbsp;&nbsp;&nbsp;UsageFault_Handler
</UL>
<BR>[Address Reference Count : 1]<UL><LI> startup_tm4c123.o(RESET)
</UL>
<P><STRONG><a name="[15]"></a>SVC_Handler</STRONG> (Thumb, 2 bytes, Stack size 0 bytes, startup_tm4c123.o(.text))
<BR><BR>[Calls]<UL><LI><a href="#[15]">&gt;&gt;</a>&nbsp;&nbsp;&nbsp;SVC_Handler
</UL>
<BR>[Called By]<UL><LI><a href="#[15]">&gt;&gt;</a>&nbsp;&nbsp;&nbsp;SVC_Handler
</UL>
<BR>[Address Reference Count : 1]<UL><LI> startup_tm4c123.o(RESET)
</UL>
<P><STRONG><a name="[16]"></a>DebugMon_Handler</STRONG> (Thumb, 2 bytes, Stack size 0 bytes, startup_tm4c123.o(.text))
<BR><BR>[Calls]<UL><LI><a href="#[16]">&gt;&gt;</a>&nbsp;&nbsp;&nbsp;DebugMon_Handler
</UL>
<BR>[Called By]<UL><LI><a href="#[16]">&gt;&gt;</a>&nbsp;&nbsp;&nbsp;DebugMon_Handler
</UL>
<BR>[Address Reference Count : 1]<UL><LI> startup_tm4c123.o(RESET)
</UL>
<P><STRONG><a name="[17]"></a>PendSV_Handler</STRONG> (Thumb, 2 bytes, Stack size 0 bytes, startup_tm4c123.o(.text))
<BR><BR>[Calls]<UL><LI><a href="#[17]">&gt;&gt;</a>&nbsp;&nbsp;&nbsp;PendSV_Handler
</UL>
<BR>[Called By]<UL><LI><a href="#[17]">&gt;&gt;</a>&nbsp;&nbsp;&nbsp;PendSV_Handler
</UL>
<BR>[Address Reference Count : 1]<UL><LI> startup_tm4c123.o(RESET)
</UL>
<P><STRONG><a name="[18]"></a>SysTick_Handler</STRONG> (Thumb, 2 bytes, Stack size 0 bytes, startup_tm4c123.o(.text))
<BR><BR>[Calls]<UL><LI><a href="#[18]">&gt;&gt;</a>&nbsp;&nbsp;&nbsp;SysTick_Handler
</UL>
<BR>[Called By]<UL><LI><a href="#[18]">&gt;&gt;</a>&nbsp;&nbsp;&nbsp;SysTick_Handler
</UL>
<BR>[Address Reference Count : 1]<UL><LI> startup_tm4c123.o(RESET)
</UL>
<P><STRONG><a name="[19]"></a>GPIOA_Handler</STRONG> (Thumb, 2 bytes, Stack size 0 bytes, startup_tm4c123.o(.text))
<BR><BR>[Calls]<UL><LI><a href="#[19]">&gt;&gt;</a>&nbsp;&nbsp;&nbsp;GPIOA_Handler
</UL>
<BR>[Called By]<UL><LI><a href="#[19]">&gt;&gt;</a>&nbsp;&nbsp;&nbsp;GPIOA_Handler
</UL>
<BR>[Address Reference Count : 1]<UL><LI> startup_tm4c123.o(RESET)
</UL>
<P><STRONG><a name="[1a]"></a>GPIOB_Handler</STRONG> (Thumb, 2 bytes, Stack size 0 bytes, startup_tm4c123.o(.text))
<BR><BR>[Calls]<UL><LI><a href="#[1a]">&gt;&gt;</a>&nbsp;&nbsp;&nbsp;GPIOB_Handler
</UL>
<BR>[Called By]<UL><LI><a href="#[1a]">&gt;&gt;</a>&nbsp;&nbsp;&nbsp;GPIOB_Handler
</UL>
<BR>[Address Reference Count : 1]<UL><LI> startup_tm4c123.o(RESET)
</UL>
<P><STRONG><a name="[1b]"></a>GPIOC_Handler</STRONG> (Thumb, 2 bytes, Stack size 0 bytes, startup_tm4c123.o(.text))
<BR><BR>[Calls]<UL><LI><a href="#[1b]">&gt;&gt;</a>&nbsp;&nbsp;&nbsp;GPIOC_Handler
</UL>
<BR>[Called By]<UL><LI><a href="#[1b]">&gt;&gt;</a>&nbsp;&nbsp;&nbsp;GPIOC_Handler
</UL>
<BR>[Address Reference Count : 1]<UL><LI> startup_tm4c123.o(RESET)
</UL>
<P><STRONG><a name="[1c]"></a>GPIOD_Handler</STRONG> (Thumb, 2 bytes, Stack size 0 bytes, startup_tm4c123.o(.text))
<BR><BR>[Calls]<UL><LI><a href="#[1c]">&gt;&gt;</a>&nbsp;&nbsp;&nbsp;GPIOD_Handler
</UL>
<BR>[Called By]<UL><LI><a href="#[1c]">&gt;&gt;</a>&nbsp;&nbsp;&nbsp;GPIOD_Handler
</UL>
<BR>[Address Reference Count : 1]<UL><LI> startup_tm4c123.o(RESET)
</UL>
<P><STRONG><a name="[1d]"></a>GPIOE_Handler</STRONG> (Thumb, 2 bytes, Stack size 0 bytes, startup_tm4c123.o(.text))
<BR><BR>[Calls]<UL><LI><a href="#[1d]">&gt;&gt;</a>&nbsp;&nbsp;&nbsp;GPIOE_Handler
</UL>
<BR>[Called By]<UL><LI><a href="#[1d]">&gt;&gt;</a>&nbsp;&nbsp;&nbsp;GPIOE_Handler
</UL>
<BR>[Address Reference Count : 1]<UL><LI> startup_tm4c123.o(RESET)
</UL>
<P><STRONG><a name="[1e]"></a>UART0_Handler</STRONG> (Thumb, 2 bytes, Stack size 0 bytes, startup_tm4c123.o(.text))
<BR><BR>[Calls]<UL><LI><a href="#[1e]">&gt;&gt;</a>&nbsp;&nbsp;&nbsp;UART0_Handler
</UL>
<BR>[Called By]<UL><LI><a href="#[1e]">&gt;&gt;</a>&nbsp;&nbsp;&nbsp;UART0_Handler
</UL>
<BR>[Address Reference Count : 1]<UL><LI> startup_tm4c123.o(RESET)
</UL>
<P><STRONG><a name="[1f]"></a>UART1_Handler</STRONG> (Thumb, 2 bytes, Stack size 0 bytes, startup_tm4c123.o(.text))
<BR><BR>[Calls]<UL><LI><a href="#[1f]">&gt;&gt;</a>&nbsp;&nbsp;&nbsp;UART1_Handler
</UL>
<BR>[Called By]<UL><LI><a href="#[1f]">&gt;&gt;</a>&nbsp;&nbsp;&nbsp;UART1_Handler
</UL>
<BR>[Address Reference Count : 1]<UL><LI> startup_tm4c123.o(RESET)
</UL>
<P><STRONG><a name="[20]"></a>SSI0_Handler</STRONG> (Thumb, 2 bytes, Stack size 0 bytes, startup_tm4c123.o(.text))
<BR><BR>[Calls]<UL><LI><a href="#[20]">&gt;&gt;</a>&nbsp;&nbsp;&nbsp;SSI0_Handler
</UL>
<BR>[Called By]<UL><LI><a href="#[20]">&gt;&gt;</a>&nbsp;&nbsp;&nbsp;SSI0_Handler
</UL>
<BR>[Address Reference Count : 1]<UL><LI> startup_tm4c123.o(RESET)
</UL>
<P><STRONG><a name="[21]"></a>I2C0_Handler</STRONG> (Thumb, 2 bytes, Stack size 0 bytes, startup_tm4c123.o(.text))
<BR><BR>[Calls]<UL><LI><a href="#[21]">&gt;&gt;</a>&nbsp;&nbsp;&nbsp;I2C0_Handler
</UL>
<BR>[Called By]<UL><LI><a href="#[21]">&gt;&gt;</a>&nbsp;&nbsp;&nbsp;I2C0_Handler
</UL>
<BR>[Address Reference Count : 1]<UL><LI> startup_tm4c123.o(RESET)
</UL>
<P><STRONG><a name="[22]"></a>PMW0_FAULT_Handler</STRONG> (Thumb, 2 bytes, Stack size 0 bytes, startup_tm4c123.o(.text))
<BR><BR>[Calls]<UL><LI><a href="#[22]">&gt;&gt;</a>&nbsp;&nbsp;&nbsp;PMW0_FAULT_Handler
</UL>
<BR>[Called By]<UL><LI><a href="#[22]">&gt;&gt;</a>&nbsp;&nbsp;&nbsp;PMW0_FAULT_Handler
</UL>
<BR>[Address Reference Count : 1]<UL><LI> startup_tm4c123.o(RESET)
</UL>
<P><STRONG><a name="[23]"></a>PWM0_0_Handler</STRONG> (Thumb, 2 bytes, Stack size 0 bytes, startup_tm4c123.o(.text))
<BR><BR>[Calls]<UL><LI><a href="#[23]">&gt;&gt;</a>&nbsp;&nbsp;&nbsp;PWM0_0_Handler
</UL>
<BR>[Called By]<UL><LI><a href="#[23]">&gt;&gt;</a>&nbsp;&nbsp;&nbsp;PWM0_0_Handler
</UL>
<BR>[Address Reference Count : 1]<UL><LI> startup_tm4c123.o(RESET)
</UL>
<P><STRONG><a name="[24]"></a>PWM0_1_Handler</STRONG> (Thumb, 2 bytes, Stack size 0 bytes, startup_tm4c123.o(.text))
<BR><BR>[Calls]<UL><LI><a href="#[24]">&gt;&gt;</a>&nbsp;&nbsp;&nbsp;PWM0_1_Handler
</UL>
<BR>[Called By]<UL><LI><a href="#[24]">&gt;&gt;</a>&nbsp;&nbsp;&nbsp;PWM0_1_Handler
</UL>
<BR>[Address Reference Count : 1]<UL><LI> startup_tm4c123.o(RESET)
</UL>
<P><STRONG><a name="[25]"></a>PWM0_2_Handler</STRONG> (Thumb, 2 bytes, Stack size 0 bytes, startup_tm4c123.o(.text))
<BR><BR>[Calls]<UL><LI><a href="#[25]">&gt;&gt;</a>&nbsp;&nbsp;&nbsp;PWM0_2_Handler
</UL>
<BR>[Called By]<UL><LI><a href="#[25]">&gt;&gt;</a>&nbsp;&nbsp;&nbsp;PWM0_2_Handler
</UL>
<BR>[Address Reference Count : 1]<UL><LI> startup_tm4c123.o(RESET)
</UL>
<P><STRONG><a name="[26]"></a>QEI0_Handler</STRONG> (Thumb, 2 bytes, Stack size 0 bytes, startup_tm4c123.o(.text))
<BR><BR>[Calls]<UL><LI><a href="#[26]">&gt;&gt;</a>&nbsp;&nbsp;&nbsp;QEI0_Handler
</UL>
<BR>[Called By]<UL><LI><a href="#[26]">&gt;&gt;</a>&nbsp;&nbsp;&nbsp;QEI0_Handler
</UL>
<BR>[Address Reference Count : 1]<UL><LI> startup_tm4c123.o(RESET)
</UL>
<P><STRONG><a name="[27]"></a>ADC0SS0_Handler</STRONG> (Thumb, 2 bytes, Stack size 0 bytes, startup_tm4c123.o(.text))
<BR><BR>[Calls]<UL><LI><a href="#[27]">&gt;&gt;</a>&nbsp;&nbsp;&nbsp;ADC0SS0_Handler
</UL>
<BR>[Called By]<UL><LI><a href="#[27]">&gt;&gt;</a>&nbsp;&nbsp;&nbsp;ADC0SS0_Handler
</UL>
<BR>[Address Reference Count : 1]<UL><LI> startup_tm4c123.o(RESET)
</UL>
<P><STRONG><a name="[28]"></a>ADC0SS1_Handler</STRONG> (Thumb, 2 bytes, Stack size 0 bytes, startup_tm4c123.o(.text))
<BR><BR>[Calls]<UL><LI><a href="#[28]">&gt;&gt;</a>&nbsp;&nbsp;&nbsp;ADC0SS1_Handler
</UL>
<BR>[Called By]<UL><LI><a href="#[28]">&gt;&gt;</a>&nbsp;&nbsp;&nbsp;ADC0SS1_Handler
</UL>
<BR>[Address Reference Count : 1]<UL><LI> startup_tm4c123.o(RESET)
</UL>
<P><STRONG><a name="[29]"></a>ADC0SS2_Handler</STRONG> (Thumb, 2 bytes, Stack size 0 bytes, startup_tm4c123.o(.text))
<BR><BR>[Calls]<UL><LI><a href="#[29]">&gt;&gt;</a>&nbsp;&nbsp;&nbsp;ADC0SS2_Handler
</UL>
<BR>[Called By]<UL><LI><a href="#[29]">&gt;&gt;</a>&nbsp;&nbsp;&nbsp;ADC0SS2_Handler
</UL>
<BR>[Address Reference Count : 1]<UL><LI> startup_tm4c123.o(RESET)
</UL>
<P><STRONG><a name="[2a]"></a>ADC0SS3_Handler</STRONG> (Thumb, 2 bytes, Stack size 0 bytes, startup_tm4c123.o(.text))
<BR><BR>[Calls]<UL><LI><a href="#[2a]">&gt;&gt;</a>&nbsp;&nbsp;&nbsp;ADC0SS3_Handler
</UL>
<BR>[Called By]<UL><LI><a href="#[2a]">&gt;&gt;</a>&nbsp;&nbsp;&nbsp;ADC0SS3_Handler
</UL>
<BR>[Address Reference Count : 1]<UL><LI> startup_tm4c123.o(RESET)
</UL>
<P><STRONG><a name="[2b]"></a>WDT0_Handler</STRONG> (Thumb, 2 bytes, Stack size 0 bytes, startup_tm4c123.o(.text))
<BR><BR>[Calls]<UL><LI><a href="#[2b]">&gt;&gt;</a>&nbsp;&nbsp;&nbsp;WDT0_Handler
</UL>
<BR>[Called By]<UL><LI><a href="#[2b]">&gt;&gt;</a>&nbsp;&nbsp;&nbsp;WDT0_Handler
</UL>
<BR>[Address Reference Count : 1]<UL><LI> startup_tm4c123.o(RESET)
</UL>
[...]
</UL>
<BR>[Called By]<UL><LI><a href="#[222]">&gt;&gt;</a>&nbsp;&nbsp;&nbsp;MS_Position
</UL>

<P><STRONG><a name="[225]"></a>PositionKalmanFilter_run_s_svb</STRONG> (Thumb, 468 bytes, Stack size 16 bytes, ms_position.o(.text.PositionKalmanFilter_run_s_svb))
<BR><BR>[Stack]<UL><LI>Max Depth = 16<LI>Call Chain = PositionKalmanFilter_run_s_svb
</UL>
<BR>[Called By]<UL><LI><a href="#[222]">&gt;&gt;</a>&nbsp;&nbsp;&nbsp;MS_Position
</UL>

<P><STRONG><a name="[d2]"></a>USBDClearFeature</STRONG> (Thumb, 156 bytes, Stack size 24 bytes, usbdenum.o(i.USBDClearFeature))
<BR><BR>[Stack]<UL><LI>Max Depth = 24<LI>Call Chain = USBDClearFeature
</UL>
<BR>[Calls]<UL><LI><a href="#[2f2]">&gt;&gt;</a>&nbsp;&nbsp;&nbsp;USBDevEndpointDataAck
<LI><a href="#[328]">&gt;&gt;</a>&nbsp;&nbsp;&nbsp;USBDevEndpointStallClear
<LI><a href="#[327]">&gt;&gt;</a>&nbsp;&nbsp;&nbsp;USBDevEndpointStall
</UL>
<BR>[Address Reference Count : 1]<UL><LI> usbdenum.o(.constdata)
</UL>
<P><STRONG><a name="[326]"></a>USBDEP0StateTx</STRONG> (Thumb, 104 bytes, Stack size 16 bytes, usbdenum.o(i.USBDEP0StateTx))
<BR><BR>[Stack]<UL><LI>Max Depth = 20<LI>Call Chain = USBDEP0StateTx &rArr; USBEndpointDataPut
</UL>
<BR>[Calls]<UL><LI><a href="#[2f8]">&gt;&gt;</a>&nbsp;&nbsp;&nbsp;USBEndpointDataSend
<LI><a href="#[2fc]">&gt;&gt;</a>&nbsp;&nbsp;&nbsp;USBEndpointDataPut
</UL>
<BR>[Called By]<UL><LI><a href="#[2f3]">&gt;&gt;</a>&nbsp;&nbsp;&nbsp;USBDCDSendDataEP0
<LI><a href="#[330]">&gt;&gt;</a>&nbsp;&nbsp;&nbsp;USBDeviceEnumHandler
<LI><a href="#[d1]">&gt;&gt;</a>&nbsp;&nbsp;&nbsp;USBDGetStatus
<LI><a href="#[d9]">&gt;&gt;</a>&nbsp;&nbsp;&nbsp;USBDGetInterface
<LI><a href="#[d5]">&gt;&gt;</a>&nbsp;&nbsp;&nbsp;USBDGetDescriptor
<LI><a href="#[d7]">&gt;&gt;</a>&nbsp;&nbsp;&nbsp;USBDGetConfiguration
</UL>

<P><STRONG><a name="[329]"></a>USBDEP0StateTxConfig</STRONG> (Thumb, 358 bytes, Stack size 48 bytes, usbdenum.o(i.USBDEP0StateTxConfig))
<BR><BR>[Stack]<UL><LI>Max Depth = 52<LI>Call Chain = USBDEP0StateTxConfig &rArr; USBEndpointDataPut
</UL>
<BR>[Calls]<UL><LI><a href="#[2f8]">&gt;&gt;</a>&nbsp;&nbsp;&nbsp;USBEndpointDataSend
<LI><a href="#[2fc]">&gt;&gt;</a>&nbsp;&nbsp;&nbsp;USBEndpointDataPut
<LI><a href="#[32a]">&gt;&gt;</a>&nbsp;&nbsp;&nbsp;USBDCDConfigDescGetSize
</UL>
<BR>[Called By]<UL><LI><a href="#[330]">&gt;&gt;</a>&nbsp;&nbsp;&nbsp;USBDeviceEnumHandler
<LI><a href="#[d5]">&gt;&gt;</a>&nbsp;&nbsp;&nbsp;USBDGetDescriptor
</UL>

<P><STRONG><a name="[d7]"></a>USBDGetConfiguration</STRONG> (Thumb, 46 bytes, Stack size 16 bytes, usbdenum.o(i.USBDGetConfiguration))
<BR><BR>[Stack]<UL><LI>Max Depth = 36<LI>Call Chain = USBDGetConfiguration &rArr; USBDEP0StateTx &rArr; USBEndpointDataPut
</UL>
<BR>[Calls]<UL><LI><a href="#[2f2]">&gt;&gt;</a>&nbsp;&nbsp;&nbsp;USBDevEndpointDataAck
<LI><a href="#[326]">&gt;&gt;</a>&nbsp;&nbsp;&nbsp;USBDEP0StateTx
</UL>
<BR>[Address Reference Count : 1]<UL><LI> usbdenum.o(.constdata)
</UL>
<P><STRONG><a name="[d5]"></a>USBDGetDescriptor</STRONG> (Thumb, 354 bytes, Stack size 40 bytes, usbdenum.o(i.USBDGetDescriptor))
<BR><BR>[Stack]<UL><LI>Max Depth = 92<LI>Call Chain = USBDGetDescriptor &rArr; USBDEP0StateTxConfig &rArr; USBEndpointDataPut
</UL>
<BR>[Calls]<UL><LI><a href="#[2f2]">&gt;&gt;</a>&nbsp;&nbsp;&nbsp;USBDevEndpointDataAck
<LI><a href="#[32a]">&gt;&gt;</a>&nbsp;&nbsp;&nbsp;USBDCDConfigDescGetSize
<LI><a href="#[329]">&gt;&gt;</a>&nbsp;&nbsp;&nbsp;USBDEP0StateTxConfig
<LI><a href="#[326]">&gt;&gt;</a>&nbsp;&nbsp;&nbsp;USBDEP0StateTx
<LI><a href="#[327]">&gt;&gt;</a>&nbsp;&nbsp;&nbsp;USBDevEndpointStall
</UL>
<BR>[Address Reference Count : 1]<UL><LI> usbdenum.o(.constdata)
</UL>
<P><STRONG><a name="[d9]"></a>USBDGetInterface</STRONG> (Thumb, 82 bytes, Stack size 24 bytes, usbdenum.o(i.USBDGetInterface))
<BR><BR>[Stack]<UL><LI>Max Depth = 44<LI>Call Chain = USBDGetInterface &rArr; USBDEP0StateTx &rArr; USBEndpointDataPut
</UL>
<BR>[Calls]<UL><LI><a href="#[2f2]">&gt;&gt;</a>&nbsp;&nbsp;&nbsp;USBDevEndpointDataAck
<LI><a href="#[326]">&gt;&gt;</a>&nbsp;&nbsp;&nbsp;USBDEP0StateTx
<LI><a href="#[327]">&gt;&gt;</a>&nbsp;&nbsp;&nbsp;USBDevEndpointStall
</UL>
<BR>[Address Reference Count : 1]<UL><LI> usbdenum.o(.constdata)
</UL>
<P><STRONG><a name="[d1]"></a>USBDGetStatus</STRONG> (Thumb, 124 bytes, Stack size 32 bytes, usbdenum.o(i.USBDGetStatus))
<BR><BR>[Stack]<UL><LI>Max Depth = 52<LI>Call Chain = USBDGetStatus &rArr; USBDEP0StateTx &rArr; USBEndpointDataPut
</UL>
<BR>[Calls]<UL><LI><a href="#[2f2]">&gt;&gt;</a>&nbsp;&nbsp;&nbsp;USBDevEndpointDataAck
<LI><a href="#[326]">&gt;&gt;</a>&nbsp;&nbsp;&nbsp;USBDEP0StateTx
<LI><a href="#[327]">&gt;&gt;</a>&nbsp;&nbsp;&nbsp;USBDevEndpointStall
</UL>
<BR>[Address Reference Count : 1]<UL><LI> usbdenum.o(.constdata)
</UL>
<P><STRONG><a name="[32b]"></a>USBDReadAndDispatchRequest</STRONG> (Thumb, 104 bytes, Stack size 24 bytes, usbdenum.o(i.USBDReadAndDispatchRequest))
<BR><BR>[Stack]<UL><LI>Max Depth = 28<LI>Call Chain = USBDReadAndDispatchRequest &rArr; USBEndpointDataGet
</UL>
<BR>[Calls]<UL><LI><a href="#[310]">&gt;&gt;</a>&nbsp;&nbsp;&nbsp;USBEndpointDataGet
<LI><a href="#[327]">&gt;&gt;</a>&nbsp;&nbsp;&nbsp;USBDevEndpointStall
</UL>
<BR>[Called By]<UL><LI><a href="#[330]">&gt;&gt;</a>&nbsp;&nbsp;&nbsp;USBDeviceEnumHandler
</UL>

<P><STRONG><a name="[d4]"></a>USBDSetAddress</STRONG> (Thumb, 30 bytes, Stack size 16 bytes, usbdenum.o(i.USBDSetAddress))
<BR><BR>[Stack]<UL><LI>Max Depth = 16<LI>Call Chain = USBDSetAddress
</UL>
<BR>[Calls]<UL><LI><a href="#[2f2]">&gt;&gt;</a>&nbsp;&nbsp;&nbsp;USBDevEndpointDataAck
</UL>
<BR>[Address Reference Count : 1]<UL><LI> usbdenum.o(.constdata)
</UL>
<P><STRONG><a name="[d8]"></a>USBDSetConfiguration</STRONG> (Thumb, 152 bytes, Stack size 24 bytes, usbdenum.o(i.USBDSetConfiguration))
<BR><BR>[Stack]<UL><LI>Max Depth = 196<LI>Call Chain = USBDSetConfiguration &rArr; USBDeviceConfig &rArr; USBDCDConfigGetInterfaceEndpoint &rArr; USBDCDConfigGetInterface &rArr; USBDescGet
</UL>
<BR>[Calls]<UL><LI><a href="#[2f2]">&gt;&gt;</a>&nbsp;&nbsp;&nbsp;USBDevEndpointDataAck
<LI><a href="#[32c]">&gt;&gt;</a>&nbsp;&nbsp;&nbsp;USBDeviceConfig
<LI><a href="#[327]">&gt;&gt;</a>&nbsp;&nbsp;&nbsp;USBDevEndpointStall
</UL>
<BR>[Address Reference Count : 1]<UL><LI> usbdenum.o(.constdata)
</UL>
<P><STRONG><a name="[d6]"></a>USBDSetDescriptor</STRONG> (Thumb, 32 bytes, Stack size 8 bytes, usbdenum.o(i.USBDSetDescriptor))
<BR><BR>[Stack]<UL><LI>Max Depth = 8<LI>Call Chain = USBDSetDescriptor
</UL>
<BR>[Calls]<UL><LI><a href="#[2f2]">&gt;&gt;</a>&nbsp;&nbsp;&nbsp;USBDevEndpointDataAck
<LI><a href="#[327]">&gt;&gt;</a>&nbsp;&nbsp;&nbsp;USBDevEndpointStall
</UL>
<BR>[Address Reference Count : 1]<UL><LI> usbdenum.o(.constdata)
</UL>
<P><STRONG><a name="[d3]"></a>USBDSetFeature</STRONG> (Thumb, 122 bytes, Stack size 24 bytes, usbdenum.o(i.USBDSetFeature))
<BR><BR>[Stack]<UL><LI>Max Depth = 24<LI>Call Chain = USBDSetFeature
</UL>
<BR>[Calls]<UL><LI><a href="#[2f2]">&gt;&gt;</a>&nbsp;&nbsp;&nbsp;USBDevEndpointDataAck
<LI><a href="#[327]">&gt;&gt;</a>&nbsp;&nbsp;&nbsp;USBDevEndpointStall
</UL>
<BR>[Address Reference Count : 1]<UL><LI> usbdenum.o(.constdata)
</UL>
<P><STRONG><a name="[da]"></a>USBDSetInterface</STRONG> (Thumb, 176 bytes, Stack size 40 bytes, usbdenum.o(i.USBDSetInterface))
<BR><BR>[Stack]<UL><LI>Max Depth = 140<LI>Call Chain = USBDSetInterface &rArr; USBDeviceConfigAlternate &rArr; USBDCDConfigGetInterfaceEndpoint &rArr; USBDCDConfigGetInterface &rArr; USBDescGet
</UL>
<BR>[Calls]<UL><LI><a href="#[2f2]">&gt;&gt;</a>&nbsp;&nbsp;&nbsp;USBDevEndpointDataAck
<LI><a href="#[32d]">&gt;&gt;</a>&nbsp;&nbsp;&nbsp;USBDeviceConfigAlternate
<LI><a href="#[315]">&gt;&gt;</a>&nbsp;&nbsp;&nbsp;USBDCDConfigGetInterface
<LI><a href="#[314]">&gt;&gt;</a>&nbsp;&nbsp;&nbsp;USBDCDConfigDescGetNum
<LI><a href="#[327]">&gt;&gt;</a>&nbsp;&nbsp;&nbsp;USBDevEndpointStall
</UL>
<BR>[Address Reference Count : 1]<UL><LI> usbdenum.o(.constdata)
</UL>
<P><STRONG><a name="[db]"></a>USBDSyncFrame</STRONG> (Thumb, 32 bytes, Stack size 8 bytes, usbdenum.o(i.USBDSyncFrame))
<BR><BR>[Stack]<UL><LI>Max Depth = 8<LI>Call Chain = USBDSyncFrame
</UL>
<BR>[Calls]<UL><LI><a href="#[2f2]">&gt;&gt;</a>&nbsp;&nbsp;&nbsp;USBDevEndpointDataAck
<LI><a href="#[327]">&gt;&gt;</a>&nbsp;&nbsp;&nbsp;USBDevEndpointStall
</UL>
<BR>[Address Reference Count : 1]<UL><LI> usbdenum.o(.constdata)
</UL>
<P><STRONG><a name="[b8]"></a>DMAUSBIntHandler</STRONG> (Thumb, 64 bytes, Stack size 4 bytes, usbdma.o(i.DMAUSBIntHandler))
<BR><BR>[Stack]<UL><LI>Max Depth = 4<LI>Call Chain = DMAUSBIntHandler
</UL>
<BR>[Address Reference Count : 1]<UL><LI> usbdma.o(i.USBLibDMAInit)
</UL>
<P><STRONG><a name="[ba]"></a>DMAUSBIntStatusClear</STRONG> (Thumb, 14 bytes, Stack size 0 bytes, usbdma.o(i.DMAUSBIntStatusClear))
<BR>[Address Reference Count : 1]<UL><LI> usbdma.o(i.USBLibDMAInit)
</UL>
<P><STRONG><a name="[bb]"></a>DMAUSBStatus</STRONG> (Thumb, 4 bytes, Stack size 0 bytes, usbdma.o(i.DMAUSBStatus))
<BR>[Address Reference Count : 1]<UL><LI> usbdma.o(i.USBLibDMAInit)
</UL>
<P><STRONG><a name="[be]"></a>iDMAUSBArbSizeSet</STRONG> (Thumb, 2 bytes, Stack size 0 bytes, usbdma.o(i.iDMAUSBArbSizeSet))
<BR>[Address Reference Count : 1]<UL><LI> usbdma.o(i.USBLibDMAInit)
</UL>
<P><STRONG><a name="[bf]"></a>iDMAUSBChannelAllocate</STRONG> (Thumb, 132 bytes, Stack size 24 bytes, usbdma.o(i.iDMAUSBChannelAllocate))
<BR><BR>[Stack]<UL><LI>Max Depth = 24<LI>Call Chain = iDMAUSBChannelAllocate
</UL>
<BR>[Calls]<UL><LI><a href="#[341]">&gt;&gt;</a>&nbsp;&nbsp;&nbsp;USBDMAChannelDisable
</UL>
<BR>[Address Reference Count : 1]<UL><LI> usbdma.o(i.USBLibDMAInit)
</UL>
<P><STRONG><a name="[c7]"></a>iDMAUSBChannelDisable</STRONG> (Thumb, 52 bytes, Stack size 16 bytes, usbdma.o(i.iDMAUSBChannelDisable))
<BR><BR>[Stack]<UL><LI>Max Depth = 16<LI>Call Chain = iDMAUSBChannelDisable
</UL>
<BR>[Calls]<UL><LI><a href="#[342]">&gt;&gt;</a>&nbsp;&nbsp;&nbsp;USBDMAChannelIntDisable
<LI><a href="#[341]">&gt;&gt;</a>&nbsp;&nbsp;&nbsp;USBDMAChannelDisable
</UL>
<BR>[Address Reference Count : 1]<UL><LI> usbdma.o(i.USBLibDMAInit)
</UL>
<P><STRONG><a name="[c6]"></a>iDMAUSBChannelEnable</STRONG> (Thumb, 82 bytes, Stack size 16 bytes, usbdma.o(i.iDMAUSBChannelEnable))
<BR><BR>[Stack]<UL><LI>Max Depth = 16<LI>Call Chain = iDMAUSBChannelEnable
</UL>
<BR>[Calls]<UL><LI><a href="#[250]">&gt;&gt;</a>&nbsp;&nbsp;&nbsp;IntEnable
<LI><a href="#[24f]">&gt;&gt;</a>&nbsp;&nbsp;&nbsp;IntDisable
<LI><a href="#[343]">&gt;&gt;</a>&nbsp;&nbsp;&nbsp;IntIsEnabled
<LI><a href="#[344]">&gt;&gt;</a>&nbsp;&nbsp;&nbsp;USBDMAChannelIntEnable
<LI><a href="#[345]">&gt;&gt;</a>&nbsp;&nbsp;&nbsp;USBDMAChannelEnable
</UL>
<BR>[Address Reference Count : 1]<UL><LI> usbdma.o(i.USBLibDMAInit)
</UL>
<P><STRONG><a name="[c3]"></a>iDMAUSBChannelIntDisable</STRONG> (Thumb, 8 bytes, Stack size 0 bytes, usbdma.o(i.iDMAUSBChannelIntDisable))
<BR><BR>[Calls]<UL><LI><a href="#[342]">&gt;&gt;</a>&nbsp;&nbsp;&nbsp;USBDMAChannelIntDisable
</UL>
<BR>[Address Reference Count : 1]<UL><LI> usbdma.o(i.USBLibDMAInit)
</UL>
<P><STRONG><a name="[c2]"></a>iDMAUSBChannelIntEnable</STRONG> (Thumb, 8 bytes, Stack size 0 bytes, usbdma.o(i.iDMAUSBChannelIntEnable))
<BR><BR>[Calls]<UL><LI><a href="#[344]">&gt;&gt;</a>&nbsp;&nbsp;&nbsp;USBDMAChannelIntEnable
</UL>
<BR>[Address Reference Count : 1]<UL><LI> usbdma.o(i.USBLibDMAInit)
</UL>
<P><STRONG><a name="[c5]"></a>iDMAUSBChannelRelease</STRONG> (Thumb, 62 bytes, Stack size 16 bytes, usbdma.o(i.iDMAUSBChannelRelease))
<BR><BR>[Stack]<UL><LI>Max Depth = 16<LI>Call Chain = iDMAUSBChannelRelease
</UL>
<BR>[Calls]<UL><LI><a href="#[341]">&gt;&gt;</a>&nbsp;&nbsp;&nbsp;USBDMAChannelDisable
</UL>
<BR>[Address Reference Count : 1]<UL><LI> usbdma.o(i.USBLibDMAInit)
</UL>
<P><STRONG><a name="[c0]"></a>iDMAUSBChannelStatus</STRONG> (Thumb, 56 bytes, Stack size 16 bytes, usbdma.o(i.iDMAUSBChannelStatus))
<BR><BR>[Stack]<UL><LI>Max Depth = 16<LI>Call Chain = iDMAUSBChannelStatus
</UL>
<BR>[Calls]<UL><LI><a href="#[346]">&gt;&gt;</a>&nbsp;&nbsp;&nbsp;USBDMAChannelStatus
</UL>
<BR>[Address Reference Count : 1]<UL><LI> usbdma.o(i.USBLibDMAInit)
</UL>
<P><STRONG><a name="[c1]"></a>iDMAUSBIntStatus</STRONG> (Thumb, 6 bytes, Stack size 0 bytes, usbdma.o(i.iDMAUSBIntStatus))
<BR><BR>[Calls]<UL><LI><a href="#[347]">&gt;&gt;</a>&nbsp;&nbsp;&nbsp;USBDMAChannelIntStatus
</UL>
<BR>[Address Reference Count : 1]<UL><LI> usbdma.o(i.USBLibDMAInit)
</UL>
<P><STRONG><a name="[c4]"></a>iDMAUSBTransfer</STRONG> (Thumb, 244 bytes, Stack size 24 bytes, usbdma.o(i.iDMAUSBTransfer))
<BR><BR>[Stack]<UL><LI>Max Depth = 24<LI>Call Chain = iDMAUSBTransfer
</UL>
<BR>[Calls]<UL><LI><a href="#[34a]">&gt;&gt;</a>&nbsp;&nbsp;&nbsp;USBEndpointPacketCountSet
<LI><a href="#[34d]">&gt;&gt;</a>&nbsp;&nbsp;&nbsp;USBEndpointDMAEnable
<LI><a href="#[34e]">&gt;&gt;</a>&nbsp;&nbsp;&nbsp;USBEndpointDMADisable
<LI><a href="#[34b]">&gt;&gt;</a>&nbsp;&nbsp;&nbsp;USBEndpointDMAConfigSet
<LI><a href="#[345]">&gt;&gt;</a>&nbsp;&nbsp;&nbsp;USBDMAChannelEnable
<LI><a href="#[349]">&gt;&gt;</a>&nbsp;&nbsp;&nbsp;USBDMAChannelCountSet
<LI><a href="#[34c]">&gt;&gt;</a>&nbsp;&nbsp;&nbsp;USBDMAChannelConfigSet
<LI><a href="#[348]">&gt;&gt;</a>&nbsp;&nbsp;&nbsp;USBDMAChannelAddressSet
</UL>
<BR>[Address Reference Count : 1]<UL><LI> usbdma.o(i.USBLibDMAInit)
</UL>
<P><STRONG><a name="[c8]"></a>iDMAUSBUnitSizeSet</STRONG> (Thumb, 2 bytes, Stack size 0 bytes, usbdma.o(i.iDMAUSBUnitSizeSet))
<BR>[Address Reference Count : 1]<UL><LI> usbdma.o(i.USBLibDMAInit)
</UL>
<P><STRONG><a name="[b0]"></a>uDMAUSBArbSizeSet</STRONG> (Thumb, 104 bytes, Stack size 0 bytes, usbdma.o(i.uDMAUSBArbSizeSet))
<BR><BR>[Calls]<UL><LI><a href="#[2bd]">&gt;&gt;</a>&nbsp;&nbsp;&nbsp;uDMAChannelControlSet
</UL>
<BR>[Address Reference Count : 1]<UL><LI> usbdma.o(i.USBLibDMAInit)
</UL>
<P><STRONG><a name="[b1]"></a>uDMAUSBChannelAllocate</STRONG> (Thumb, 184 bytes, Stack size 24 bytes, usbdma.o(i.uDMAUSBChannelAllocate))
<BR><BR>[Stack]<UL><LI>Max Depth = 24<LI>Call Chain = uDMAUSBChannelAllocate
</UL>
<BR>[Calls]<UL><LI><a href="#[2bd]">&gt;&gt;</a>&nbsp;&nbsp;&nbsp;uDMAChannelControlSet
<LI><a href="#[350]">&gt;&gt;</a>&nbsp;&nbsp;&nbsp;uDMAChannelAttributeDisable
<LI><a href="#[34e]">&gt;&gt;</a>&nbsp;&nbsp;&nbsp;USBEndpointDMADisable
<LI><a href="#[34f]">&gt;&gt;</a>&nbsp;&nbsp;&nbsp;USBEndpointDMAChannel
</UL>
<BR>[Address Reference Count : 1]<UL><LI> usbdma.o(i.USBLibDMAInit)
</UL>
<P><STRONG><a name="[b2]"></a>uDMAUSBChannelDisable</STRONG> (Thumb, 88 bytes, Stack size 16 bytes, usbdma.o(i.uDMAUSBChannelDisable))
<BR><BR>[Stack]<UL><LI>Max Depth = 16<LI>Call Chain = uDMAUSBChannelDisable
</UL>
<BR>[Calls]<UL><LI><a href="#[351]">&gt;&gt;</a>&nbsp;&nbsp;&nbsp;uDMAChannelDisable
<LI><a href="#[34e]">&gt;&gt;</a>&nbsp;&nbsp;&nbsp;USBEndpointDMADisable
</UL>
<BR>[Address Reference Count : 1]<UL><LI> usbdma.o(i.USBLibDMAInit)
</UL>
<P><STRONG><a name="[b3]"></a>uDMAUSBChannelEnable</STRONG> (Thumb, 106 bytes, Stack size 16 bytes, usbdma.o(i.uDMAUSBChannelEnable))
<BR><BR>[Stack]<UL><LI>Max Depth = 16<LI>Call Chain = uDMAUSBChannelEnable
</UL>
<BR>[Calls]<UL><LI><a href="#[250]">&gt;&gt;</a>&nbsp;&nbsp;&nbsp;IntEnable
<LI><a href="#[23e]">&gt;&gt;</a>&nbsp;&nbsp;&nbsp;uDMAChannelEnable
<LI><a href="#[24f]">&gt;&gt;</a>&nbsp;&nbsp;&nbsp;IntDisable
<LI><a href="#[343]">&gt;&gt;</a>&nbsp;&nbsp;&nbsp;IntIsEnabled
<LI><a href="#[34d]">&gt;&gt;</a>&nbsp;&nbsp;&nbsp;USBEndpointDMAEnable
</UL>
<BR>[Called By]<UL><LI><a href="#[bc]">&gt;&gt;</a>&nbsp;&nbsp;&nbsp;uDMAUSBTransfer
</UL>
<BR>[Address Reference Count : 1]<UL><LI> usbdma.o(i.USBLibDMAInit)
</UL>
<P><STRONG><a name="[b5]"></a>uDMAUSBChannelIntDisable</STRONG> (Thumb, 2 bytes, Stack size 0 bytes, usbdma.o(i.uDMAUSBChannelIntDisable))
<BR>[Address Reference Count : 1]<UL><LI> usbdma.o(i.USBLibDMAInit)
</UL>
<P><STRONG><a name="[b4]"></a>uDMAUSBChannelIntEnable</STRONG> (Thumb, 2 bytes, Stack size 0 bytes, usbdma.o(i.uDMAUSBChannelIntEnable))
<BR>[Address Reference Count : 1]<UL><LI> usbdma.o(i.USBLibDMAInit)
</UL>
<P><STRONG><a name="[b6]"></a>uDMAUSBChannelRelease</STRONG> (Thumb, 90 bytes, Stack size 16 bytes, usbdma.o(i.uDMAUSBChannelRelease))
<BR><BR>[Stack]<UL><LI>Max Depth = 16<LI>Call Chain = uDMAUSBChannelRelease
</UL>
<BR>[Calls]<UL><LI><a href="#[350]">&gt;&gt;</a>&nbsp;&nbsp;&nbsp;uDMAChannelAttributeDisable
<LI><a href="#[34e]">&gt;&gt;</a>&nbsp;&nbsp;&nbsp;USBEndpointDMADisable
</UL>
<BR>[Address Reference Count : 1]<UL><LI> usbdma.o(i.USBLibDMAInit)
</UL>
<P><STRONG><a name="[b7]"></a>uDMAUSBChannelStatus</STRONG> (Thumb, 38 bytes, Stack size 0 bytes, usbdma.o(i.uDMAUSBChannelStatus))
<BR>[Address Reference Count : 1]<UL><LI> usbdma.o(i.USBLibDMAInit)
</UL>
<P><STRONG><a name="[b9]"></a>uDMAUSBIntStatus</STRONG> (Thumb, 52 bytes, Stack size 24 bytes, usbdma.o(i.uDMAUSBIntStatus))
<BR><BR>[Stack]<UL><LI>Max Depth = 24<LI>Call Chain = uDMAUSBIntStatus
</UL>
<BR>[Calls]<UL><LI><a href="#[352]">&gt;&gt;</a>&nbsp;&nbsp;&nbsp;uDMAChannelModeGet
</UL>
<BR>[Address Reference Count : 1]<UL><LI> usbdma.o(i.USBLibDMAInit)
</UL>
<P><STRONG><a name="[bc]"></a>uDMAUSBTransfer</STRONG> (Thumb, 200 bytes, Stack size 32 bytes, usbdma.o(i.uDMAUSBTransfer))
<BR><BR>[Stack]<UL><LI>Max Depth = 48<LI>Call Chain = uDMAUSBTransfer &rArr; uDMAChannelTransferSet
</UL>
<BR>[Calls]<UL><LI><a href="#[23d]">&gt;&gt;</a>&nbsp;&nbsp;&nbsp;uDMAChannelTransferSet
<LI><a href="#[b3]">&gt;&gt;</a>&nbsp;&nbsp;&nbsp;uDMAUSBChannelEnable
<LI><a href="#[353]">&gt;&gt;</a>&nbsp;&nbsp;&nbsp;USBFIFOAddrGet
<LI><a href="#[34a]">&gt;&gt;</a>&nbsp;&nbsp;&nbsp;USBEndpointPacketCountSet
<LI><a href="#[34b]">&gt;&gt;</a>&nbsp;&nbsp;&nbsp;USBEndpointDMAConfigSet
</UL>
<BR>[Address Reference Count : 1]<UL><LI> usbdma.o(i.USBLibDMAInit)
</UL>
<P><STRONG><a name="[bd]"></a>uDMAUSBUnitSizeSet</STRONG> (Thumb, 84 bytes, Stack size 8 bytes, usbdma.o(i.uDMAUSBUnitSizeSet))
<BR><BR>[Stack]<UL><LI>Max Depth = 8<LI>Call Chain = uDMAUSBUnitSizeSet
</UL>
<BR>[Calls]<UL><LI><a href="#[2bd]">&gt;&gt;</a>&nbsp;&nbsp;&nbsp;uDMAChannelControlSet
</UL>
<BR>[Address Reference Count : 1]<UL><LI> usbdma.o(i.USBLibDMAInit)
</UL>
<P><STRONG><a name="[368]"></a>_dadd1</STRONG> (Thumb, 0 bytes, Stack size unknown bytes, daddsub_clz.o(x$fpl$dadd), UNUSED)
<BR><BR>[Called By]<UL><LI><a href="#[367]">&gt;&gt;</a>&nbsp;&nbsp;&nbsp;_dsub
</UL>

<P><STRONG><a name="[369]"></a>dadd_zerodenorm</STRONG> (Thumb, 0 bytes, Stack size unknown bytes, daddsub_clz.o(x$fpl$dadd), UNUSED)
<BR><BR>[Called By]<UL><LI><a href="#[367]">&gt;&gt;</a>&nbsp;&nbsp;&nbsp;_dsub
</UL>

<P><STRONG><a name="[35b]"></a>_dsub1</STRONG> (Thumb, 0 bytes, Stack size unknown bytes, daddsub_clz.o(x$fpl$dsub), UNUSED)
<BR><BR>[Called By]<UL><LI><a href="#[35a]">&gt;&gt;</a>&nbsp;&nbsp;&nbsp;_dadd
</UL>

<P><STRONG><a name="[35d]"></a>daddsub_denorm</STRONG> (Thumb, 0 bytes, Stack size unknown bytes, daddsub_clz.o(x$fpl$dsub), UNUSED)
<BR><BR>[Called By]<UL><LI><a href="#[35a]">&gt;&gt;</a>&nbsp;&nbsp;&nbsp;_dadd
</UL>

<P><STRONG><a name="[35c]"></a>dsub_zerodenorm</STRONG> (Thumb, 0 bytes, Stack size unknown bytes, daddsub_clz.o(x$fpl$dsub), UNUSED)
<BR><BR>[Called By]<UL><LI><a href="#[35a]">&gt;&gt;</a>&nbsp;&nbsp;&nbsp;_dadd
</UL>

<P><STRONG><a name="[17c]"></a>_fp_digits</STRONG> (Thumb, 222 bytes, Stack size 80 bytes, _printf_fp_dec_accurate.o(.text))
<BR><BR>[Stack]<UL><LI>Max Depth = 1136<LI>Call Chain = _fp_digits &rArr; _btod_main &rArr; _btod_common &rArr; _btod_pow &rArr; _btod_mul
</UL>
<BR>[Calls]<UL><LI><a href="#[17d]">&gt;&gt;</a>&nbsp;&nbsp;&nbsp;__ieee_status
<LI><a href="#[17e]">&gt;&gt;</a>&nbsp;&nbsp;&nbsp;_btod_main
</UL>
<BR>[Called By]<UL><LI><a href="#[17f]">&gt;&gt;</a>&nbsp;&nbsp;&nbsp;_printf_fp_dec_real
</UL>

<P><STRONG><a name="[88]"></a>_printf_input_char</STRONG> (Thumb, 10 bytes, Stack size 0 bytes, _printf_char_common.o(.text))
<BR>[Address Reference Count : 1]<UL><LI> _printf_char_common.o(.text)
</UL><P>
<H3>
Undefined Global Symbols
</H3><HR></body></html>
